<html>
<body>
<pre>
<h1>µVision Build Log</h1>
<h2>Tool Versions:</h2>
IDE-Version: µVision V5.43.1.0
Copyright (C) 2025 ARM Ltd and ARM Germany GmbH. All rights reserved.
License Information: Rossella Fumai
Personal
User-based license: Keil MDK Community (non-commercial free of charge)
Valid until: Jun 1 2033. Cached until: Sep 16 2026
 
Tool Versions:
Toolchain:       Keil MDK Community (non-commercial free of charge  Version: 5.43.0.0
Toolchain Path:  C:\Users\Pollo\AppData\Local\Keil_v5\ARM\ARMCC\Bin
C Compiler:      Armcc.exe V5.06 update 7 (build 960)
Assembler:       Armasm.exe V5.06 update 7 (build 960)
Linker/Locator:  ArmLink.exe V5.06 update 7 (build 960)
Library Manager: ArmAr.exe V5.06 update 7 (build 960)
Hex Converter:   FromElf.exe V5.06 update 7 (build 960)
CPU DLL:         SARMCM3.DLL V5.43.0.0
Dialog DLL:      DCM.DLL V1.17.5.0
Target DLL:      UL2CM3.DLL V1.164.16.0
Dialog DLL:      TCM.DLL V1.56.6.0
 
<h2>Project:</h2>
C:\Users\Pollo\Desktop\code_backup\Argo-Croatia\Argo\Code\STM32F103-BU0x_SDK-master\Projects\USER\Project.uvprojx
Project File Date:  09/09/2026

<h2>Output:</h2>
*** Warning: The configured compiler version '5.06 update 7 (build 960)' does not support the selected User Based Licensing technology.
*** Using Compiler 'V5.06 update 7 (build 960)', folder: 'C:\Users\Pollo\AppData\Local\Keil_v5\ARM\ARMCC\Bin'
Build target 'Project'
Validate Run Time Environment: errors/warnings detected:
'Keil::Device:StdPeriph Drivers:EXTI@3.6.0': warning #515: Additional software components required
 require CMSIS:CORE: Select component from list
    'ARM::CMSIS:CORE'
'Keil::Device:StdPeriph Drivers:GPIO@3.6.0': warning #515: Additional software components required
 require CMSIS:CORE: Select component from list
    'ARM::CMSIS:CORE'
'Keil::Device:StdPeriph Drivers:USART@3.6.0': warning #515: Additional software components required
 require CMSIS:CORE: Select component from list
    'ARM::CMSIS:CORE'
'Keil::Device:StdPeriph Drivers:ADC@3.6.0': warning #515: Additional software components required
 require CMSIS:CORE: Select component from list
    'ARM::CMSIS:CORE'
'Keil::Device:StdPeriph Drivers:RCC@3.6.0': warning #515: Additional software components required
 require CMSIS:CORE: Select component from list
    'ARM::CMSIS:CORE'
'Keil::Device:StdPeriph Drivers:RTC@3.6.0': warning #515: Additional software components required
 require CMSIS:CORE: Select component from list
    'ARM::CMSIS:CORE'
'Keil::Device:StdPeriph Drivers:SPI@3.6.0': warning #515: Additional software components required
 require CMSIS:CORE: Select component from list
    'ARM::CMSIS:CORE'
'Keil::Device:StdPeriph Drivers:Framework@3.6.0': warning #515: Additional software components required
 require CMSIS:CORE: Select component from list
    'ARM::CMSIS:CORE'
'Keil::Device:StdPeriph Drivers:CEC@3.6.0': warning #515: Additional software components required
 require CMSIS:CORE: Select component from list
    'ARM::CMSIS:CORE'
'Keil::Device:StdPeriph Drivers:CRC@3.6.0': warning #515: Additional software components required
 require CMSIS:CORE: Select component from list
    'ARM::CMSIS:CORE'
'Keil::Device:StdPeriph Drivers:FSMC@3.6.0': warning #515: Additional software components required
 require CMSIS:CORE: Select component from list
    'ARM::CMSIS:CORE'
'Keil::Device:StdPeriph Drivers:DAC@3.6.0': warning #515: Additional software components required
 require CMSIS:CORE: Select component from list
    'ARM::CMSIS:CORE'
'Keil::Device:StdPeriph Drivers:I2C@3.6.0': warning #515: Additional software components required
 require CMSIS:CORE: Select component from list
    'ARM::CMSIS:CORE'
'Keil::Device:StdPeriph Drivers:PWR@3.6.0': warning #515: Additional software components required
 require CMSIS:CORE: Select component from list
    'ARM::CMSIS:CORE'
'Keil::Device:StdPeriph Drivers:SDIO@3.6.0': warning #515: Additional software components required
 require CMSIS:CORE: Select component from list
    'ARM::CMSIS:CORE'
'Keil::Device:StdPeriph Drivers:WWDG@3.6.0': warning #515: Additional software components required
 require CMSIS:CORE: Select component from list
    'ARM::CMSIS:CORE'
'Keil::Device:StdPeriph Drivers:CAN@3.6.0': warning #515: Additional software components required
 require CMSIS:CORE: Select component from list
    'ARM::CMSIS:CORE'
'Keil::Device:StdPeriph Drivers:BKP@3.6.0': warning #515: Additional software components required
 require CMSIS:CORE: Select component from list
    'ARM::CMSIS:CORE'
'Keil::Device:StdPeriph Drivers:DBGMCU@3.6.0': warning #515: Additional software components required
 require CMSIS:CORE: Select component from list
    'ARM::CMSIS:CORE'
'Keil::Device:StdPeriph Drivers:Flash@3.6.0': warning #515: Additional software components required
 require CMSIS:CORE: Select component from list
    'ARM::CMSIS:CORE'
'Keil::Device:StdPeriph Drivers:IWDG@3.6.0': warning #515: Additional software components required
 require CMSIS:CORE: Select component from list
    'ARM::CMSIS:CORE'
'Keil::Device:StdPeriph Drivers:TIM@3.6.0': warning #515: Additional software components required
 require CMSIS:CORE: Select component from list
    'ARM::CMSIS:CORE'
'Keil::Device:StdPeriph Drivers:DMA@3.6.0': warning #515: Additional software components required
 require CMSIS:CORE: Select component from list
    'ARM::CMSIS:CORE'
compiling cmd.c...
assembling startup_stm32f10x_md.s...
compiling system_stm32f10x.c...
compiling hal_flash.c...
compiling user_out.c...
compiling hal_drivers.c...
compiling hal_spi.c...
compiling hal_iic.c...
compiling Generic_cmd.c...
compiling hal_timer.c...
compiling Generic.c...
compiling cmd_fn.c...
compiling hal_led.c...
compiling Queue.c...
compiling hal_usart.c...
compiling hal_usb.c...
compiling deca_mutex.c...
compiling usb_desc.c...
compiling OLED_I2C.c...
compiling usb_endp.c...
compiling hw_config.c...
compiling usb_istr.c...
compiling usb_it.c...
compiling usb_prop.c...
compiling usb_mem.c...
compiling usb_init.c...
compiling usb_int.c...
compiling usb_sil.c...
compiling usb_pwr.c...
compiling usb_core.c...
compiling lis2dh12.c...
compiling usb_regs.c...
compiling deca_device.c...
compiling stm32f10x_it.c...
compiling main.c...
compiling misc.c...
compiling stm32f10x_adc.c...
compiling stm32f10x_dac.c...
compiling stm32f10x_crc.c...
compiling stm32f10x_cec.c...
compiling stm32f10x_bkp.c...
compiling stm32f10x_dbgmcu.c...
compiling stm32f10x_can.c...
compiling stm32f10x_dma.c...
compiling simple_tx.c...
compiling stm32f10x_exti.c...
compiling stm32f10x_flash.c...
compiling stm32f10x_iwdg.c...
compiling stm32f10x_gpio.c...
compiling stm32f10x_pwr.c...
compiling stm32f10x_fsmc.c...
compiling stm32f10x_rtc.c...
compiling stm32f10x_i2c.c...
compiling stm32f10x_rcc.c...
compiling stm32f10x_spi.c...
compiling stm32f10x_sdio.c...
compiling stm32f10x_wwdg.c...
compiling stm32f10x_tim.c...
compiling stm32f10x_usart.c...
linking...
Program Size: Code=23724 RO-data=532 RW-data=3968 ZI-data=2856  
FromELF: creating hex file...
".\Output\Project.axf" - 0 Error(s), 0 Warning(s).

<h2>Software Packages used:</h2>

Package Vendor: Keil
                https://www.keil.com/pack/Keil.STM32F1xx_DFP.2.4.1.pack
                Keil::STM32F1xx_DFP@2.4.1
                STMicroelectronics STM32F1 Series Device Support, Drivers and Examples
   * Component: ADC Version: 3.6.0
   * Component: BKP Version: 3.6.0
   * Component: CAN Version: 3.6.0
   * Component: CEC Version: 3.6.0
   * Component: CRC Version: 3.6.0
   * Component: DAC Version: 3.6.0
   * Component: DBGMCU Version: 3.6.0
   * Component: DMA Version: 3.6.0
   * Component: EXTI Version: 3.6.0
   * Component: FSMC Version: 3.6.0
   * Component: Flash Version: 3.6.0
   * Component: Framework Version: 3.6.0
   * Component: GPIO Version: 3.6.0
   * Component: I2C Version: 3.6.0
   * Component: IWDG Version: 3.6.0
   * Component: PWR Version: 3.6.0
   * Component: RCC Version: 3.6.0
   * Component: RTC Version: 3.6.0
   * Component: SDIO Version: 3.6.0
   * Component: SPI Version: 3.6.0
   * Component: TIM Version: 3.6.0
   * Component: USART Version: 3.6.0
   * Component: WWDG Version: 3.6.0

<h2>Collection of Component include folders:</h2>
  ./RTE/_Project
  C:/Users/Pollo/AppData/Local/Arm/Packs/Keil/STM32F1xx_DFP/2.4.1/Device/Include
  C:/Users/Pollo/AppData/Local/Arm/Packs/Keil/STM32F1xx_DFP/2.4.1/Device/StdPeriph_Driver/inc

<h2>Collection of Component Files used:</h2>

   * Component: Keil::Device:StdPeriph Drivers:ADC@3.6.0
      Include file:  Device/StdPeriph_Driver/inc/stm32f10x_adc.h
      Source file:   Device/StdPeriph_Driver/src/stm32f10x_adc.c

   * Component: Keil::Device:StdPeriph Drivers:BKP@3.6.0
      Include file:  Device/StdPeriph_Driver/inc/stm32f10x_bkp.h
      Source file:   Device/StdPeriph_Driver/src/stm32f10x_bkp.c

   * Component: Keil::Device:StdPeriph Drivers:CAN@3.6.0
      Source file:   Device/StdPeriph_Driver/src/stm32f10x_can.c
      Include file:  Device/StdPeriph_Driver/inc/stm32f10x_can.h

   * Component: Keil::Device:StdPeriph Drivers:CEC@3.6.0
      Include file:  Device/StdPeriph_Driver/inc/stm32f10x_cec.h
      Source file:   Device/StdPeriph_Driver/src/stm32f10x_cec.c

   * Component: Keil::Device:StdPeriph Drivers:CRC@3.6.0
      Include file:  Device/StdPeriph_Driver/inc/stm32f10x_crc.h
      Source file:   Device/StdPeriph_Driver/src/stm32f10x_crc.c

   * Component: Keil::Device:StdPeriph Drivers:DAC@3.6.0
      Source file:   Device/StdPeriph_Driver/src/stm32f10x_dac.c
      Include file:  Device/StdPeriph_Driver/inc/stm32f10x_dac.h

   * Component: Keil::Device:StdPeriph Drivers:DBGMCU@3.6.0
      Source file:   Device/StdPeriph_Driver/src/stm32f10x_dbgmcu.c
      Include file:  Device/StdPeriph_Driver/inc/stm32f10x_dbgmcu.h

   * Component: Keil::Device:StdPeriph Drivers:DMA@3.6.0
      Include file:  Device/StdPeriph_Driver/inc/stm32f10x_dma.h
      Source file:   Device/StdPeriph_Driver/src/stm32f10x_dma.c

   * Component: Keil::Device:StdPeriph Drivers:EXTI@3.6.0
      Include file:  Device/StdPeriph_Driver/inc/stm32f10x_exti.h
      Source file:   Device/StdPeriph_Driver/src/stm32f10x_exti.c

   * Component: Keil::Device:StdPeriph Drivers:FSMC@3.6.0
      Include file:  Device/StdPeriph_Driver/inc/stm32f10x_fsmc.h
      Source file:   Device/StdPeriph_Driver/src/stm32f10x_fsmc.c

   * Component: Keil::Device:StdPeriph Drivers:Flash@3.6.0
      Include file:  Device/StdPeriph_Driver/inc/stm32f10x_flash.h
      Source file:   Device/StdPeriph_Driver/src/stm32f10x_flash.c

   * Component: Keil::Device:StdPeriph Drivers:Framework@3.6.0
      Source file:   Device/StdPeriph_Driver/src/misc.c
      Include file:  Device/StdPeriph_Driver/inc/misc.h
      Include file:  Device/StdPeriph_Driver/templates/stm32f10x_it.h
      Source file:   Device/StdPeriph_Driver/templates/stm32f10x_conf.h
      Source file:   Device/StdPeriph_Driver/templates/stm32f10x_it.c

   * Component: Keil::Device:StdPeriph Drivers:GPIO@3.6.0
      Include file:  Device/StdPeriph_Driver/inc/stm32f10x_gpio.h
      Source file:   Device/StdPeriph_Driver/src/stm32f10x_gpio.c

   * Component: Keil::Device:StdPeriph Drivers:I2C@3.6.0
      Source file:   Device/StdPeriph_Driver/src/stm32f10x_i2c.c
      Include file:  Device/StdPeriph_Driver/inc/stm32f10x_i2c.h

   * Component: Keil::Device:StdPeriph Drivers:IWDG@3.6.0
      Include file:  Device/StdPeriph_Driver/inc/stm32f10x_iwdg.h
      Source file:   Device/StdPeriph_Driver/src/stm32f10x_iwdg.c

   * Component: Keil::Device:StdPeriph Drivers:PWR@3.6.0
      Include file:  Device/StdPeriph_Driver/inc/stm32f10x_pwr.h
      Source file:   Device/StdPeriph_Driver/src/stm32f10x_pwr.c

   * Component: Keil::Device:StdPeriph Drivers:RCC@3.6.0
      Source file:   Device/StdPeriph_Driver/src/stm32f10x_rcc.c
      Include file:  Device/StdPeriph_Driver/inc/stm32f10x_rcc.h

   * Component: Keil::Device:StdPeriph Drivers:RTC@3.6.0
      Include file:  Device/StdPeriph_Driver/inc/stm32f10x_rtc.h
      Source file:   Device/StdPeriph_Driver/src/stm32f10x_rtc.c

   * Component: Keil::Device:StdPeriph Drivers:SDIO@3.6.0
      Source file:   Device/StdPeriph_Driver/src/stm32f10x_sdio.c
      Include file:  Device/StdPeriph_Driver/inc/stm32f10x_sdio.h

   * Component: Keil::Device:StdPeriph Drivers:SPI@3.6.0
      Source file:   Device/StdPeriph_Driver/src/stm32f10x_spi.c
      Include file:  Device/StdPeriph_Driver/inc/stm32f10x_spi.h

   * Component: Keil::Device:StdPeriph Drivers:TIM@3.6.0
      Source file:   Device/StdPeriph_Driver/src/stm32f10x_tim.c
      Include file:  Device/StdPeriph_Driver/inc/stm32f10x_tim.h

   * Component: Keil::Device:StdPeriph Drivers:USART@3.6.0
      Source file:   Device/StdPeriph_Driver/src/stm32f10x_usart.c
      Include file:  Device/StdPeriph_Driver/inc/stm32f10x_usart.h

   * Component: Keil::Device:StdPeriph Drivers:WWDG@3.6.0
      Include file:  Device/StdPeriph_Driver/inc/stm32f10x_wwdg.h
      Source file:   Device/StdPeriph_Driver/src/stm32f10x_wwdg.c
Build Time Elapsed:  00:00:06
</pre>
</body>
</html>
