Component: ARM Compiler 5.06 update 7 (build 960) Tool: armlink [4d3601]

==============================================================================

Section Cross References

    cmd.o(i.command_parser) refers to memseta.o(.text) for __aeabi_memclr4
    cmd.o(i.command_parser) refers to strstr.o(.text) for strstr
    cmd.o(i.command_parser) refers to strlen.o(.text) for strlen
    cmd.o(i.command_parser) refers to cmd.o(i.string_split) for string_split
    cmd.o(i.command_parser) refers to hal_usart.o(i._dbg_printf) for _dbg_printf
    cmd.o(i.command_parser) refers to cmd_fn.o(.constdata) for known_commands
    cmd_fn.o(i.f_addtag) refers to memseta.o(.text) for __aeabi_memclr4
    cmd_fn.o(i.f_addtag) refers to strtoull.o(.text) for strtoull
    cmd_fn.o(i.f_addtag) refers to strtoul.o(.text) for strtoul
    cmd_fn.o(i.f_addtag) refers to atoi.o(.text) for atoi
    cmd_fn.o(i.f_addtag) refers to tag_list.o(.text) for add_tag_to_knownTagList
    cmd_fn.o(i.f_addtag) refers to printfa.o(i.__0sprintf) for __2sprintf
    cmd_fn.o(i.f_addtag) refers to strlen.o(.text) for strlen
    cmd_fn.o(i.f_addtag) refers to cmd_fn.o(i.fill_json_tag) for fill_json_tag
    cmd_fn.o(i.f_addtag) refers to generic_cmd.o(i.port_tx_msg) for port_tx_msg
    cmd_fn.o(i.f_deca) refers to memseta.o(.text) for __aeabi_memclr4
    cmd_fn.o(i.f_deca) refers to printfa.o(i.__0sprintf) for __2sprintf
    cmd_fn.o(i.f_deca) refers to strlen.o(.text) for strlen
    cmd_fn.o(i.f_deca) refers to generic_cmd.o(i.port_tx_msg) for port_tx_msg
    cmd_fn.o(i.f_deltag) refers to memseta.o(.text) for __aeabi_memclr4
    cmd_fn.o(i.f_deltag) refers to strtoull.o(.text) for strtoull
    cmd_fn.o(i.f_deltag) refers to tag_list.o(.text) for del_tag64_from_knownTagList
    cmd_fn.o(i.f_deltag) refers to printfa.o(i.__0sprintf) for __2sprintf
    cmd_fn.o(i.f_deltag) refers to strlen.o(.text) for strlen
    cmd_fn.o(i.f_deltag) refers to generic_cmd.o(i.port_tx_msg) for port_tx_msg
    cmd_fn.o(i.f_distance) refers to memseta.o(.text) for __aeabi_memclr4
    cmd_fn.o(i.f_distance) refers to f2d.o(.text) for __aeabi_f2d
    cmd_fn.o(i.f_distance) refers to printfa.o(i.__0sprintf) for __2sprintf
    cmd_fn.o(i.f_distance) refers to strlen.o(.text) for strlen
    cmd_fn.o(i.f_distance) refers to generic_cmd.o(i.port_tx_msg) for port_tx_msg
    cmd_fn.o(i.f_distance) refers to cmd_fn.o(.data) for .data
    cmd_fn.o(i.f_filter) refers to atoi.o(.text) for atoi
    cmd_fn.o(i.f_filter) refers to config.o(.data) for app
    cmd_fn.o(i.f_getcfg) refers to memseta.o(.text) for __aeabi_memclr4
    cmd_fn.o(i.f_getcfg) refers to printfa.o(i.__0sprintf) for __2sprintf
    cmd_fn.o(i.f_getcfg) refers to strlen.o(.text) for strlen
    cmd_fn.o(i.f_getcfg) refers to generic_cmd.o(i.port_tx_msg) for port_tx_msg
    cmd_fn.o(i.f_getcfg) refers to generic.o(.data) for sys_para
    cmd_fn.o(i.f_getdev) refers to memseta.o(.text) for __aeabi_memclr4
    cmd_fn.o(i.f_getdev) refers to f2d.o(.text) for __aeabi_f2d
    cmd_fn.o(i.f_getdev) refers to printfa.o(i.__0sprintf) for __2sprintf
    cmd_fn.o(i.f_getdev) refers to strlen.o(.text) for strlen
    cmd_fn.o(i.f_getdev) refers to generic_cmd.o(i.port_tx_msg) for port_tx_msg
    cmd_fn.o(i.f_getdev) refers to config.o(.data) for app
    cmd_fn.o(i.f_getdev) refers to cmd_fn.o(.conststring) for .conststring
    cmd_fn.o(i.f_getdlist) refers to tag_list.o(.text) for getDList
    cmd_fn.o(i.f_getdlist) refers to memseta.o(.text) for __aeabi_memclr4
    cmd_fn.o(i.f_getdlist) refers to printfa.o(i.__0sprintf) for __2sprintf
    cmd_fn.o(i.f_getdlist) refers to printfa.o(i.__0snprintf) for __2snprintf
    cmd_fn.o(i.f_getdlist) refers to generic_cmd.o(i.port_tx_msg) for port_tx_msg
    cmd_fn.o(i.f_getewbmode) refers to memseta.o(.text) for __aeabi_memclr4
    cmd_fn.o(i.f_getewbmode) refers to printfa.o(i.__0sprintf) for __2sprintf
    cmd_fn.o(i.f_getewbmode) refers to strlen.o(.text) for strlen
    cmd_fn.o(i.f_getewbmode) refers to generic_cmd.o(i.port_tx_msg) for port_tx_msg
    cmd_fn.o(i.f_getewbmode) refers to generic.o(.data) for sys_para
    cmd_fn.o(i.f_getklist) refers to memseta.o(.text) for __aeabi_memclr4
    cmd_fn.o(i.f_getklist) refers to tag_list.o(.text) for get_knownTagList
    cmd_fn.o(i.f_getklist) refers to cmd_fn.o(i.fill_json_tag) for fill_json_tag
    cmd_fn.o(i.f_getklist) refers to strlen.o(.text) for strlen
    cmd_fn.o(i.f_getklist) refers to printfa.o(i.__0sprintf) for __2sprintf
    cmd_fn.o(i.f_getklist) refers to printfa.o(i.__0snprintf) for __2snprintf
    cmd_fn.o(i.f_getklist) refers to generic_cmd.o(i.port_tx_msg) for port_tx_msg
    cmd_fn.o(i.f_getsensor) refers to memseta.o(.text) for __aeabi_memclr4
    cmd_fn.o(i.f_getsensor) refers to lis2dh12.o(i.drv_lis2dh12_get_angle) for drv_lis2dh12_get_angle
    cmd_fn.o(i.f_getsensor) refers to f2d.o(.text) for __aeabi_f2d
    cmd_fn.o(i.f_getsensor) refers to printfa.o(i.__0sprintf) for __2sprintf
[...]
    _printf_s                                0x00000000   Number         0  stubs.o ABSOLUTE
    _printf_sizespec                         0x00000000   Number         0  stubs.o ABSOLUTE
    _printf_str                              0x00000000   Number         0  stubs.o ABSOLUTE
    _printf_truncate_signed                  0x00000000   Number         0  stubs.o ABSOLUTE
    _printf_truncate_unsigned                0x00000000   Number         0  stubs.o ABSOLUTE
    _printf_u                                0x00000000   Number         0  stubs.o ABSOLUTE
    _printf_wc                               0x00000000   Number         0  stubs.o ABSOLUTE
    _printf_wctomb                           0x00000000   Number         0  stubs.o ABSOLUTE
    _printf_widthprec                        0x00000000   Number         0  stubs.o ABSOLUTE
    _printf_x                                0x00000000   Number         0  stubs.o ABSOLUTE
    __arm_fini_                               - Undefined Weak Reference
    __cpp_initialize__aeabi_                  - Undefined Weak Reference
    __cxa_finalize                            - Undefined Weak Reference
    _clock_init                               - Undefined Weak Reference
    _microlib_exit                            - Undefined Weak Reference
    __Vectors_Size                           0x000000ec   Number         0  startup_stm32f10x_md.o ABSOLUTE
    __Vectors                                0x08000000   Data           4  startup_stm32f10x_md.o(RESET)
    __Vectors_End                            0x080000ec   Data           0  startup_stm32f10x_md.o(RESET)
    __main                                   0x080000ed   Thumb Code     0  entry.o(.ARM.Collect$$$$00000000)
    _main_stk                                0x080000ed   Thumb Code     0  entry2.o(.ARM.Collect$$$$00000001)
    _main_scatterload                        0x080000f1   Thumb Code     0  entry5.o(.ARM.Collect$$$$00000004)
    __main_after_scatterload                 0x080000f5   Thumb Code     0  entry5.o(.ARM.Collect$$$$00000004)
    _main_clock                              0x080000f5   Thumb Code     0  entry7b.o(.ARM.Collect$$$$00000008)
    _main_cpp_init                           0x080000f5   Thumb Code     0  entry8b.o(.ARM.Collect$$$$0000000A)
    _main_init                               0x080000f5   Thumb Code     0  entry9a.o(.ARM.Collect$$$$0000000B)
    __rt_lib_shutdown_fini                   0x080000fd   Thumb Code     0  entry12b.o(.ARM.Collect$$$$0000000E)
    __rt_final_cpp                           0x08000101   Thumb Code     0  entry10a.o(.ARM.Collect$$$$0000000F)
    __rt_final_exit                          0x08000101   Thumb Code     0  entry11a.o(.ARM.Collect$$$$00000011)
    Reset_Handler                            0x08000105   Thumb Code     8  startup_stm32f10x_md.o(.text)
    ADC1_2_IRQHandler                        0x0800011f   Thumb Code     0  startup_stm32f10x_md.o(.text)
    CAN1_RX1_IRQHandler                      0x0800011f   Thumb Code     0  startup_stm32f10x_md.o(.text)
    CAN1_SCE_IRQHandler                      0x0800011f   Thumb Code     0  startup_stm32f10x_md.o(.text)
    DMA1_Channel1_IRQHandler                 0x0800011f   Thumb Code     0  startup_stm32f10x_md.o(.text)
    DMA1_Channel2_IRQHandler                 0x0800011f   Thumb Code     0  startup_stm32f10x_md.o(.text)
    DMA1_Channel3_IRQHandler                 0x0800011f   Thumb Code     0  startup_stm32f10x_md.o(.text)
    DMA1_Channel6_IRQHandler                 0x0800011f   Thumb Code     0  startup_stm32f10x_md.o(.text)
    DMA1_Channel7_IRQHandler                 0x0800011f   Thumb Code     0  startup_stm32f10x_md.o(.text)
    EXTI0_IRQHandler                         0x0800011f   Thumb Code     0  startup_stm32f10x_md.o(.text)
    EXTI15_10_IRQHandler                     0x0800011f   Thumb Code     0  startup_stm32f10x_md.o(.text)
    EXTI1_IRQHandler                         0x0800011f   Thumb Code     0  startup_stm32f10x_md.o(.text)
    EXTI2_IRQHandler                         0x0800011f   Thumb Code     0  startup_stm32f10x_md.o(.text)
    EXTI3_IRQHandler                         0x0800011f   Thumb Code     0  startup_stm32f10x_md.o(.text)
    EXTI4_IRQHandler                         0x0800011f   Thumb Code     0  startup_stm32f10x_md.o(.text)
    FLASH_IRQHandler                         0x0800011f   Thumb Code     0  startup_stm32f10x_md.o(.text)
    I2C1_ER_IRQHandler                       0x0800011f   Thumb Code     0  startup_stm32f10x_md.o(.text)
    I2C1_EV_IRQHandler                       0x0800011f   Thumb Code     0  startup_stm32f10x_md.o(.text)
    I2C2_ER_IRQHandler                       0x0800011f   Thumb Code     0  startup_stm32f10x_md.o(.text)
    I2C2_EV_IRQHandler                       0x0800011f   Thumb Code     0  startup_stm32f10x_md.o(.text)
    PVD_IRQHandler                           0x0800011f   Thumb Code     0  startup_stm32f10x_md.o(.text)
    RCC_IRQHandler                           0x0800011f   Thumb Code     0  startup_stm32f10x_md.o(.text)
    RTCAlarm_IRQHandler                      0x0800011f   Thumb Code     0  startup_stm32f10x_md.o(.text)
    RTC_IRQHandler                           0x0800011f   Thumb Code     0  startup_stm32f10x_md.o(.text)
    SPI1_IRQHandler                          0x0800011f   Thumb Code     0  startup_stm32f10x_md.o(.text)
    SPI2_IRQHandler                          0x0800011f   Thumb Code     0  startup_stm32f10x_md.o(.text)
    TAMPER_IRQHandler                        0x0800011f   Thumb Code     0  startup_stm32f10x_md.o(.text)
    TIM1_BRK_IRQHandler                      0x0800011f   Thumb Code     0  startup_stm32f10x_md.o(.text)
    TIM1_CC_IRQHandler                       0x0800011f   Thumb Code     0  startup_stm32f10x_md.o(.text)
    TIM1_TRG_COM_IRQHandler                  0x0800011f   Thumb Code     0  startup_stm32f10x_md.o(.text)
    TIM1_UP_IRQHandler                       0x0800011f   Thumb Code     0  startup_stm32f10x_md.o(.text)
    TIM3_IRQHandler                          0x0800011f   Thumb Code     0  startup_stm32f10x_md.o(.text)
    TIM4_IRQHandler                          0x0800011f   Thumb Code     0  startup_stm32f10x_md.o(.text)
    USART1_IRQHandler                        0x0800011f   Thumb Code     0  startup_stm32f10x_md.o(.text)
    USART3_IRQHandler                        0x0800011f   Thumb Code     0  startup_stm32f10x_md.o(.text)
    USB_HP_CAN1_TX_IRQHandler                0x0800011f   Thumb Code     0  startup_stm32f10x_md.o(.text)
    WWDG_IRQHandler                          0x0800011f   Thumb Code     0  startup_stm32f10x_md.o(.text)
    osal_CreateQueue                         0x08000129   Thumb Code    12  osal.o(.text)
    osal_TraverseQueue                       0x08000135   Thumb Code   108  osal.o(.text)
    osal_FullQueue                           0x080001a1   Thumb Code    32  osal.o(.text)
    osal_EmptyQueue                          0x080001c1   Thumb Code    16  osal.o(.text)
    osal_Enqueue                             0x080001d1   Thumb Code   104  osal.o(.text)
    osal_Dequeue                             0x08000239   Thumb Code    94  osal.o(.text)
    osal_itoa                                0x08000297   Thumb Code    72  osal.o(.text)
    osal_Str2Byte                            0x080002df   Thumb Code    82  osal.o(.text)
    osal_Hex2Str                             0x08000331   Thumb Code    40  osal.o(.text)
    portGetTickCnt                           0x080003b9   Thumb Code     6  uwb.o(.text)
    sleep_ms                                 0x080003bf   Thumb Code    16  uwb.o(.text)
    Sleep                                    0x080003cf   Thumb Code     2  uwb.o(.text)
    deca_usleep                              0x080003d1   Thumb Code    20  uwb.o(.text)
    reset_DWIC                               0x080003e5   Thumb Code    68  uwb.o(.text)
    SPI_ConfigFastRate                       0x08000429   Thumb Code    80  uwb.o(.text)
    port_set_dw_ic_spi_slowrate              0x08000479   Thumb Code     4  uwb.o(.text)
    port_set_dw_ic_spi_fastrate              0x0800047d   Thumb Code     4  uwb.o(.text)
    wakeup_device_with_io                    0x08000481   Thumb Code    34  uwb.o(.text)
    deca_sleep                               0x080004a3   Thumb Code     2  uwb.o(.text)
    EXTI_GetITEnStatus                       0x080004a5   Thumb Code    16  uwb.o(.text)
    setup_DW1000RSTnIRQ                      0x080004b5   Thumb Code   134  uwb.o(.text)
    writetospi_serial                        0x0800053b   Thumb Code    92  uwb.o(.text)
    readfromspi_serial                       0x08000597   Thumb Code    96  uwb.o(.text)
    process_deca_irq                         0x080005f7   Thumb Code    24  uwb.o(.text)
    disable_deca_irq                         0x0800060f   Thumb Code    22  uwb.o(.text)
    enable_deca_irq                          0x08000625   Thumb Code    14  uwb.o(.text)
    toupper                                  0x08000649   Thumb Code    12  toupper.o(.text)
    __aeabi_memcpy                           0x08000655   Thumb Code    36  memcpya.o(.text)
    __aeabi_memcpy4                          0x08000655   Thumb Code     0  memcpya.o(.text)
    __aeabi_memcpy8                          0x08000655   Thumb Code     0  memcpya.o(.text)
    __aeabi_memset                           0x08000679   Thumb Code    14  memseta.o(.text)
    __aeabi_memset4                          0x08000679   Thumb Code     0  memseta.o(.text)
    __aeabi_memset8                          0x08000679   Thumb Code     0  memseta.o(.text)
    __aeabi_memclr                           0x08000687   Thumb Code     4  memseta.o(.text)
    __aeabi_memclr4                          0x08000687   Thumb Code     0  memseta.o(.text)
    __aeabi_memclr8                          0x08000687   Thumb Code     0  memseta.o(.text)
    _memset$wrapper                          0x0800068b   Thumb Code    18  memseta.o(.text)
    __aeabi_fmul                             0x0800069d   Thumb Code   100  fmul.o(.text)
    __aeabi_dadd                             0x08000701   Thumb Code   322  dadd.o(.text)
    __aeabi_dsub                             0x08000843   Thumb Code     6  dadd.o(.text)
    __aeabi_drsub                            0x08000849   Thumb Code     6  dadd.o(.text)
    __aeabi_dmul                             0x0800084f   Thumb Code   228  dmul.o(.text)
    __aeabi_ddiv                             0x08000933   Thumb Code   222  ddiv.o(.text)
    __aeabi_ui2f                             0x08000a11   Thumb Code    10  ffltui.o(.text)
    __aeabi_f2iz                             0x08000a1b   Thumb Code    50  ffixi.o(.text)
    __aeabi_d2ulz                            0x08000a4d   Thumb Code    48  dfixul.o(.text)
    __aeabi_uidiv                            0x08000a7d   Thumb Code     0  uidiv.o(.text)
    __aeabi_uidivmod                         0x08000a7d   Thumb Code    44  uidiv.o(.text)
    __aeabi_uldivmod                         0x08000aa9   Thumb Code    98  uldiv.o(.text)
    __aeabi_llsl                             0x08000b0b   Thumb Code    30  llshl.o(.text)
    _ll_shift_l                              0x08000b0b   Thumb Code     0  llshl.o(.text)
    __aeabi_llsr                             0x08000b29   Thumb Code    32  llushr.o(.text)
    _ll_ushift_r                             0x08000b29   Thumb Code     0  llushr.o(.text)
    __aeabi_lasr                             0x08000b49   Thumb Code    36  llsshr.o(.text)
    _ll_sshift_r                             0x08000b49   Thumb Code     0  llsshr.o(.text)
    __I$use$fp                               0x08000b6d   Thumb Code     0  iusefp.o(.text)
    _float_round                             0x08000b6d   Thumb Code    18  fepilogue.o(.text)
    _float_epilogue                          0x08000b7f   Thumb Code    92  fepilogue.o(.text)
    _double_round                            0x08000bdb   Thumb Code    30  depilogue.o(.text)
    _double_epilogue                         0x08000bf9   Thumb Code   156  depilogue.o(.text)
    __aeabi_cdrcmple                         0x08000c95   Thumb Code    48  cdrcmple.o(.text)
    __scatterload                            0x08000cc5   Thumb Code    28  init.o(.text)
    __scatterload_rt2                        0x08000cc5   Thumb Code     0  init.o(.text)
    __decompress                             0x08000ce9   Thumb Code     0  __dczerorl2.o(.text)
    __decompress1                            0x08000ce9   Thumb Code    86  __dczerorl2.o(.text)
    App_Module_Sys_Read_NVM                  0x08000d41   Thumb Code    10  generic.o(i.App_Module_Sys_Read_NVM)
    App_Module_Sys_Write_NVM                 0x08000d55   Thumb Code    28  generic.o(i.App_Module_Sys_Write_NVM)
    BusFault_Handler                         0x08000d79   Thumb Code    22  stm32f10x_it.o(i.BusFault_Handler)
    ByteSwap                                 0x08000da9   Thumb Code    10  usb_regs.o(i.ByteSwap)
    CTR_LP                                   0x08000db5   Thumb Code   314  usb_int.o(i.CTR_LP)
    ClearDTOG_RX                             0x08000f0d   Thumb Code    36  usb_regs.o(i.ClearDTOG_RX)
    ClearDTOG_TX                             0x08000f35   Thumb Code    36  usb_regs.o(i.ClearDTOG_TX)
    Clear_Status_Out                         0x08000f5d   Thumb Code    28  usb_regs.o(i.Clear_Status_Out)
    DMA1_Channel4_IRQHandler                 0x08000f7d   Thumb Code    36  generic_cmd.o(i.DMA1_Channel4_IRQHandler)
    DMA1_Channel5_IRQHandler                 0x08000fa5   Thumb Code   110  generic_cmd.o(i.DMA1_Channel5_IRQHandler)
    DMA_ClearFlag                            0x08001021   Thumb Code    16  stm32f10x_dma.o(i.DMA_ClearFlag)
    DMA_ClearITPendingBit                    0x08001039   Thumb Code    16  stm32f10x_dma.o(i.DMA_ClearITPendingBit)
    DMA_Cmd                                  0x08001051   Thumb Code    22  stm32f10x_dma.o(i.DMA_Cmd)
    DMA_DeInit                               0x08001069   Thumb Code   218  stm32f10x_dma.o(i.DMA_DeInit)
    DMA_GetFlagStatus                        0x0800114d   Thumb Code    24  stm32f10x_dma.o(i.DMA_GetFlagStatus)
    DMA_GetITStatus                          0x0800116d   Thumb Code    24  stm32f10x_dma.o(i.DMA_GetITStatus)
    DMA_ITConfig                             0x0800118d   Thumb Code    16  stm32f10x_dma.o(i.DMA_ITConfig)
    DMA_Init                                 0x0800119d   Thumb Code    58  stm32f10x_dma.o(i.DMA_Init)
    DebugMon_Handler                         0x080014cd   Thumb Code     2  stm32f10x_it.o(i.DebugMon_Handler)
    EP1_IN_Callback                          0x080014d1   Thumb Code    60  usb_endp.o(i.EP1_IN_Callback)
    EP3_OUT_Callback                         0x08001515   Thumb Code    28  usb_endp.o(i.EP3_OUT_Callback)
    EXTI9_5_IRQHandler                       0x08001535   Thumb Code    16  stm32f10x_it.o(i.EXTI9_5_IRQHandler)
    EXTI_ClearITPendingBit                   0x08001545   Thumb Code     6  stm32f10x_exti.o(i.EXTI_ClearITPendingBit)
    EXTI_Init                                0x08001551   Thumb Code   108  stm32f10x_exti.o(i.EXTI_Init)
    FLASH_ClearFlag                          0x080015c1   Thumb Code     6  stm32f10x_flash.o(i.FLASH_ClearFlag)
    FLASH_ErasePage                          0x080015cd   Thumb Code    56  stm32f10x_flash.o(i.FLASH_ErasePage)
    FLASH_GetBank1Status                     0x08001609   Thumb Code    34  stm32f10x_flash.o(i.FLASH_GetBank1Status)
    FLASH_Lock                               0x08001631   Thumb Code    12  stm32f10x_flash.o(i.FLASH_Lock)
    FLASH_PrefetchBufferCmd                  0x08001641   Thumb Code    18  stm32f10x_flash.o(i.FLASH_PrefetchBufferCmd)
    FLASH_ProgramWord                        0x08001659   Thumb Code    76  stm32f10x_flash.o(i.FLASH_ProgramWord)
    FLASH_SetLatency                         0x080016a9   Thumb Code    14  stm32f10x_flash.o(i.FLASH_SetLatency)
    FLASH_Unlock                             0x080016bd   Thumb Code    12  stm32f10x_flash.o(i.FLASH_Unlock)
    FLASH_WaitForLastOperation               0x080016d5   Thumb Code    34  stm32f10x_flash.o(i.FLASH_WaitForLastOperation)
    GPIO_EXTILineConfig                      0x080016f9   Thumb Code    34  stm32f10x_gpio.o(i.GPIO_EXTILineConfig)
    GPIO_Init                                0x08001721   Thumb Code   156  stm32f10x_gpio.o(i.GPIO_Init)
    GPIO_ReadInputDataBit                    0x080017bd   Thumb Code    14  stm32f10x_gpio.o(i.GPIO_ReadInputDataBit)
    GPIO_ResetBits                           0x080017cb   Thumb Code     4  stm32f10x_gpio.o(i.GPIO_ResetBits)
    GPIO_SetBits                             0x080017cf   Thumb Code     4  stm32f10x_gpio.o(i.GPIO_SetBits)
    GetEPRxAddr                              0x080017d5   Thumb Code    22  usb_regs.o(i.GetEPRxAddr)
    GetEPRxCount                             0x080017f5   Thumb Code    24  usb_regs.o(i.GetEPRxCount)
    GetEPTxAddr                              0x08001815   Thumb Code    20  usb_regs.o(i.GetEPTxAddr)
    Get_SerialNum                            0x08001831   Thumb Code    44  hw_config.o(i.Get_SerialNum)
    HalDecaExitInit                          0x08001865   Thumb Code    44  hal_spi.o(i.HalDecaExitInit)
    HalDelayTime_Counter                     0x08001891   Thumb Code    16  hal_timer.o(i.HalDelayTime_Counter)
    HalDelay_nMs                             0x080018a5   Thumb Code    24  hal_timer.o(i.HalDelay_nMs)
    HalFlashInit                             0x080018c1   Thumb Code     2  hal_flash.o(i.HalFlashInit)
    HalIWDG_Feed                             0x080018c3   Thumb Code     4  hal_timer.o(i.HalIWDG_Feed)
    HalIis2dh12Init                          0x080018c7   Thumb Code    70  lis2dh12.o(i.HalIis2dh12Init)
    HalLedInit                               0x0800190d   Thumb Code    46  hal_led.o(i.HalLedInit)
    HalLedSet                                0x08001941   Thumb Code    56  hal_led.o(i.HalLedSet)
    HalLed_Blink                             0x0800197d   Thumb Code    60  hal_led.o(i.HalLed_Blink)
    HalRead_Flash                            0x080019bd   Thumb Code    22  hal_flash.o(i.HalRead_Flash)
    HalSpiInit                               0x080019d3   Thumb Code     4  hal_spi.o(i.HalSpiInit)
    HalTimer2_NVIC_Config                    0x080019d7   Thumb Code    34  hal_timer.o(i.HalTimer2_NVIC_Config)
    HalTimerInit                             0x080019f9   Thumb Code   160  hal_timer.o(i.HalTimerInit)
    HalUARTInit                              0x08001a9d   Thumb Code   142  hal_usart.o(i.HalUARTInit)
    HalUASRT1_DMA_Config                     0x08001b35   Thumb Code   168  hal_usart.o(i.HalUASRT1_DMA_Config)
    HalUSART1_DMA_RX_NVIC_Config             0x08001be9   Thumb Code    34  hal_usart.o(i.HalUSART1_DMA_RX_NVIC_Config)
    HalUSART1_DMA_TX_NVIC_Config             0x08001c0b   Thumb Code    34  hal_usart.o(i.HalUSART1_DMA_TX_NVIC_Config)
    HalUsbInit                               0x08001ce5   Thumb Code    22  hal_usb.o(i.HalUsbInit)
    HalWrite_Flash                           0x08001cfb   Thumb Code    98  hal_flash.o(i.HalWrite_Flash)
    Hal_DECA_KEY_NVIC_Config                 0x08001d5d   Thumb Code    32  hal_spi.o(i.Hal_DECA_KEY_NVIC_Config)
    Hal_Driver_Init                          0x08001d7d   Thumb Code   100  hal_drivers.o(i.Hal_Driver_Init)
    Hal_I2C_LCD_Init                         0x08001de5   Thumb Code   128  hal_iic.o(i.Hal_I2C_LCD_Init)
    Hal_I2C_Sensor_Init                      0x08001e71   Thumb Code   114  hal_iic.o(i.Hal_I2C_Sensor_Init)
    Hal_SPI1_Deca_Init                       0x08001ef1   Thumb Code   214  hal_spi.o(i.Hal_SPI1_Deca_Init)
    HardFault_Handler                        0x08001fd5   Thumb Code    22  stm32f10x_it.o(i.HardFault_Handler)
    I2C_AcknowledgeConfig                    0x08002005   Thumb Code    20  stm32f10x_i2c.o(i.I2C_AcknowledgeConfig)
    I2C_CheckEvent                           0x08002019   Thumb Code    24  stm32f10x_i2c.o(i.I2C_CheckEvent)
    I2C_Cmd                                  0x08002031   Thumb Code    20  stm32f10x_i2c.o(i.I2C_Cmd)
    I2C_DeInit                               0x08002045   Thumb Code    38  stm32f10x_i2c.o(i.I2C_DeInit)
    I2C_GenerateSTART                        0x08002071   Thumb Code    20  stm32f10x_i2c.o(i.I2C_GenerateSTART)
    I2C_GenerateSTOP                         0x08002085   Thumb Code    20  stm32f10x_i2c.o(i.I2C_GenerateSTOP)
    I2C_GetFlagStatus                        0x08002099   Thumb Code    42  stm32f10x_i2c.o(i.I2C_GetFlagStatus)
    I2C_Init                                 0x080020c5   Thumb Code   178  stm32f10x_i2c.o(i.I2C_Init)
    I2C_Send7bitAddress                      0x08002181   Thumb Code    16  stm32f10x_i2c.o(i.I2C_Send7bitAddress)
    I2C_SendData                             0x08002191   Thumb Code     4  stm32f10x_i2c.o(i.I2C_SendData)
    I2C_WriteByte                            0x08002195   Thumb Code   272  oled_i2c.o(i.I2C_WriteByte)
    I2C_WriteOneByte                         0x08002309   Thumb Code   180  lis2dh12.o(i.I2C_WriteOneByte)
    IWDG_Enable                              0x080023cd   Thumb Code    10  stm32f10x_iwdg.o(i.IWDG_Enable)
    IWDG_ReloadCounter                       0x080023dd   Thumb Code    10  stm32f10x_iwdg.o(i.IWDG_ReloadCounter)
    IWDG_SetPrescaler                        0x080023ed   Thumb Code     6  stm32f10x_iwdg.o(i.IWDG_SetPrescaler)
    IWDG_SetReload                           0x080023f9   Thumb Code     6  stm32f10x_iwdg.o(i.IWDG_SetReload)
    IWDG_WriteAccessCmd                      0x08002405   Thumb Code     6  stm32f10x_iwdg.o(i.IWDG_WriteAccessCmd)
    In0_Process                              0x08002411   Thumb Code    80  usb_core.o(i.In0_Process)
    Leave_LowPowerMode                       0x080024a5   Thumb Code    18  hw_config.o(i.Leave_LowPowerMode)
    MemManage_Handler                        0x080024c1   Thumb Code    22  stm32f10x_it.o(i.MemManage_Handler)
    NMI_Handler                              0x080024f1   Thumb Code     2  stm32f10x_it.o(i.NMI_Handler)
    NOP_Process                              0x080024f3   Thumb Code     2  usb_core.o(i.NOP_Process)
    NVIC_Init                                0x080024f5   Thumb Code    94  misc.o(i.NVIC_Init)
    NVIC_PriorityGroupConfig                 0x08002559   Thumb Code    10  misc.o(i.NVIC_PriorityGroupConfig)
    OLED_Fill                                0x08002685   Thumb Code    54  oled_i2c.o(i.OLED_Fill)
    OLED_Init                                0x080026bb   Thumb Code   180  oled_i2c.o(i.OLED_Init)
    Out0_Process                             0x08002771   Thumb Code    62  usb_core.o(i.Out0_Process)
    PMAToUserBufferCopy                      0x080027b9   Thumb Code    26  usb_mem.o(i.PMAToUserBufferCopy)
    PendSV_Handler                           0x080027d9   Thumb Code     2  stm32f10x_it.o(i.PendSV_Handler)
    Post0_Process                            0x080027dd   Thumb Code    52  usb_core.o(i.Post0_Process)
    PowerOn                                  0x08002821   Thumb Code    36  usb_pwr.o(i.PowerOn)
    QUEUE_PacketCreate                       0x0800284d   Thumb Code    12  queue.o(i.QUEUE_PacketCreate)
    QUEUE_PacketIn                           0x08002859   Thumb Code    48  queue.o(i.QUEUE_PacketIn)
    QUEUE_PacketOut                          0x08002889   Thumb Code    56  queue.o(i.QUEUE_PacketOut)
    RCC_AHBPeriphClockCmd                    0x080028c1   Thumb Code    18  stm32f10x_rcc.o(i.RCC_AHBPeriphClockCmd)
    RCC_APB1PeriphClockCmd                   0x080028d9   Thumb Code    18  stm32f10x_rcc.o(i.RCC_APB1PeriphClockCmd)
    RCC_APB1PeriphResetCmd                   0x080028f1   Thumb Code    18  stm32f10x_rcc.o(i.RCC_APB1PeriphResetCmd)
    RCC_APB2PeriphClockCmd                   0x08002909   Thumb Code    18  stm32f10x_rcc.o(i.RCC_APB2PeriphClockCmd)
    RCC_APB2PeriphResetCmd                   0x08002921   Thumb Code    18  stm32f10x_rcc.o(i.RCC_APB2PeriphResetCmd)
    RCC_DeInit                               0x08002939   Thumb Code    50  stm32f10x_rcc.o(i.RCC_DeInit)
    RCC_GetClocksFreq                        0x08002979   Thumb Code   132  stm32f10x_rcc.o(i.RCC_GetClocksFreq)
    RCC_GetFlagStatus                        0x08002a0d   Thumb Code    42  stm32f10x_rcc.o(i.RCC_GetFlagStatus)
    RCC_GetSYSCLKSource                      0x08002a3d   Thumb Code    10  stm32f10x_rcc.o(i.RCC_GetSYSCLKSource)
    RCC_HCLKConfig                           0x08002a4d   Thumb Code    14  stm32f10x_rcc.o(i.RCC_HCLKConfig)
    RCC_HSEConfig                            0x08002a61   Thumb Code    48  stm32f10x_rcc.o(i.RCC_HSEConfig)
    RCC_PCLK1Config                          0x08002a95   Thumb Code    14  stm32f10x_rcc.o(i.RCC_PCLK1Config)
    RCC_PCLK2Config                          0x08002aa9   Thumb Code    16  stm32f10x_rcc.o(i.RCC_PCLK2Config)
    RCC_PLLCmd                               0x08002abd   Thumb Code     6  stm32f10x_rcc.o(i.RCC_PLLCmd)
    RCC_PLLConfig                            0x08002ac9   Thumb Code    16  stm32f10x_rcc.o(i.RCC_PLLConfig)
    RCC_SYSCLKConfig                         0x08002add   Thumb Code    14  stm32f10x_rcc.o(i.RCC_SYSCLKConfig)
    RCC_USBCLKConfig                         0x08002af1   Thumb Code     8  stm32f10x_rcc.o(i.RCC_USBCLKConfig)
    RCC_WaitForHSEStartUp                    0x08002afd   Thumb Code    44  stm32f10x_rcc.o(i.RCC_WaitForHSEStartUp)
    Resume                                   0x08002b29   Thumb Code   140  usb_pwr.o(i.Resume)
    Resume_Init                              0x08002bbd   Thumb Code    26  usb_pwr.o(i.Resume_Init)
    SOF_Callback                             0x08002bdd   Thumb Code    76  usb_endp.o(i.SOF_Callback)
    SPI_Cmd                                  0x08002c35   Thumb Code    20  stm32f10x_spi.o(i.SPI_Cmd)
    SPI_I2S_DeInit                           0x08002c49   Thumb Code    72  stm32f10x_spi.o(i.SPI_I2S_DeInit)
    SPI_I2S_GetFlagStatus                    0x08002c9d   Thumb Code    14  stm32f10x_spi.o(i.SPI_I2S_GetFlagStatus)
    SPI_I2S_ReceiveData                      0x08002cab   Thumb Code     4  stm32f10x_spi.o(i.SPI_I2S_ReceiveData)
    SPI_I2S_SendData                         0x08002caf   Thumb Code     4  stm32f10x_spi.o(i.SPI_I2S_SendData)
    SPI_Init                                 0x08002cb3   Thumb Code    56  stm32f10x_spi.o(i.SPI_Init)
    SPI_SSOutputCmd                          0x08002ceb   Thumb Code    20  stm32f10x_spi.o(i.SPI_SSOutputCmd)
    SVC_Handler                              0x08002cff   Thumb Code     2  stm32f10x_it.o(i.SVC_Handler)
    SetBTABLE                                0x08002d01   Thumb Code    10  usb_regs.o(i.SetBTABLE)
    SetDeviceAddress                         0x08002d11   Thumb Code    58  usb_core.o(i.SetDeviceAddress)
    SetEPRxAddr                              0x08002d59   Thumb Code    24  usb_regs.o(i.SetEPRxAddr)
    SetEPRxCount                             0x08002d79   Thumb Code    54  usb_regs.o(i.SetEPRxCount)
    SetEPRxStatus                            0x08002db9   Thumb Code    44  usb_regs.o(i.SetEPRxStatus)
    SetEPRxValid                             0x08002de9   Thumb Code    32  usb_regs.o(i.SetEPRxValid)
    SetEPTxAddr                              0x08002e0d   Thumb Code    22  usb_regs.o(i.SetEPTxAddr)
    SetEPTxCount                             0x08002e2d   Thumb Code    20  usb_regs.o(i.SetEPTxCount)
    SetEPTxStatus                            0x08002e49   Thumb Code    44  usb_regs.o(i.SetEPTxStatus)
    SetEPTxValid                             0x08002e79   Thumb Code    32  usb_regs.o(i.SetEPTxValid)
    SetEPType                                0x08002e9d   Thumb Code    24  usb_regs.o(i.SetEPType)
    Set_System                               0x08002f61   Thumb Code    94  hw_config.o(i.Set_System)
    Set_USBClock                             0x08002fcd   Thumb Code    20  hw_config.o(i.Set_USBClock)
    Setup0_Process                           0x08002fe1   Thumb Code    92  usb_core.o(i.Setup0_Process)
    Standard_ClearFeature                    0x08003049   Thumb Code   232  usb_core.o(i.Standard_ClearFeature)
    Standard_GetConfiguration                0x08003145   Thumb Code    30  usb_core.o(i.Standard_GetConfiguration)
    Standard_GetDescriptorData               0x0800316d   Thumb Code    24  usb_core.o(i.Standard_GetDescriptorData)
    Standard_GetInterface                    0x08003189   Thumb Code    30  usb_core.o(i.Standard_GetInterface)
    Standard_GetStatus                       0x080031b1   Thumb Code   130  usb_core.o(i.Standard_GetStatus)
    Standard_SetConfiguration                0x08003245   Thumb Code    42  usb_core.o(i.Standard_SetConfiguration)
    Standard_SetDeviceFeature                0x0800327d   Thumb Code    26  usb_core.o(i.Standard_SetDeviceFeature)
    Standard_SetEndPointFeature              0x080032a1   Thumb Code   118  usb_core.o(i.Standard_SetEndPointFeature)
    Standard_SetInterface                    0x08003329   Thumb Code    60  usb_core.o(i.Standard_SetInterface)
    Suspend                                  0x08003371   Thumb Code   172  usb_pwr.o(i.Suspend)
    SysTick_Handler                          0x08003431   Thumb Code    12  stm32f10x_it.o(i.SysTick_Handler)
    SystemInit                               0x08003441   Thumb Code    64  system_stm32f10x.o(i.SystemInit)
    TIM2_IRQHandler                          0x08003491   Thumb Code    46  stm32f10x_it.o(i.TIM2_IRQHandler)
    TIM_ClearITPendingBit                    0x080034c5   Thumb Code     6  stm32f10x_tim.o(i.TIM_ClearITPendingBit)
    TIM_Cmd                                  0x080034cb   Thumb Code    20  stm32f10x_tim.o(i.TIM_Cmd)
    TIM_GetITStatus                          0x080034df   Thumb Code    24  stm32f10x_tim.o(i.TIM_GetITStatus)
    TIM_ITConfig                             0x080034f7   Thumb Code    16  stm32f10x_tim.o(i.TIM_ITConfig)
    TIM_TimeBaseInit                         0x08003509   Thumb Code   114  stm32f10x_tim.o(i.TIM_TimeBaseInit)
    USART1_SendBuffer                        0x080035a5   Thumb Code    80  hal_usart.o(i.USART1_SendBuffer)
    USART2SendByteData                       0x080035fd   Thumb Code    26  hal_usart.o(i.USART2SendByteData)
    USART2_IRQHandler                        0x0800361d   Thumb Code    46  hal_usart.o(i.USART2_IRQHandler)
    USART_ClearFlag                          0x08003651   Thumb Code     6  stm32f10x_usart.o(i.USART_ClearFlag)
    USART_ClearITPendingBit                  0x08003657   Thumb Code    12  stm32f10x_usart.o(i.USART_ClearITPendingBit)
    USART_Cmd                                0x08003663   Thumb Code    20  stm32f10x_usart.o(i.USART_Cmd)
    USART_DMACmd                             0x08003677   Thumb Code    16  stm32f10x_usart.o(i.USART_DMACmd)
    USART_GetFlagStatus                      0x08003687   Thumb Code    14  stm32f10x_usart.o(i.USART_GetFlagStatus)
    USART_GetITStatus                        0x08003695   Thumb Code    62  stm32f10x_usart.o(i.USART_GetITStatus)
    USART_ITConfig                           0x080036d3   Thumb Code    48  stm32f10x_usart.o(i.USART_ITConfig)
    USART_Init                               0x08003705   Thumb Code   166  stm32f10x_usart.o(i.USART_Init)
    USART_ReceiveData                        0x080037b1   Thumb Code     8  stm32f10x_usart.o(i.USART_ReceiveData)
    USART_SendData                           0x080037b9   Thumb Code     8  stm32f10x_usart.o(i.USART_SendData)
    USBWakeUp_IRQHandler                     0x080037c1   Thumb Code     8  usb_it.o(i.USBWakeUp_IRQHandler)
    USB_Cable_Config                         0x080037c9   Thumb Code    20  hw_config.o(i.USB_Cable_Config)
    USB_Init                                 0x080037e1   Thumb Code    22  usb_init.o(i.USB_Init)
    USB_Interrupts_Config                    0x08003809   Thumb Code    50  hw_config.o(i.USB_Interrupts_Config)
    USB_Istr                                 0x0800383d   Thumb Code   308  usb_istr.o(i.USB_Istr)
    USB_LP_CAN1_RX0_IRQHandler               0x08003989   Thumb Code     4  usb_it.o(i.USB_LP_CAN1_RX0_IRQHandler)
    USB_RxWrite                              0x0800398d   Thumb Code    10  hw_config.o(i.USB_RxWrite)
    USB_SIL_Init                             0x0800399d   Thumb Code    24  usb_sil.o(i.USB_SIL_Init)
    USB_SIL_Read                             0x080039bd   Thumb Code    36  usb_sil.o(i.USB_SIL_Read)
    USB_TxRead                               0x080039e1   Thumb Code    10  hw_config.o(i.USB_TxRead)
    UsageFault_Handler                       0x080039f1   Thumb Code    22  stm32f10x_it.o(i.UsageFault_Handler)
    UserToPMABufferCopy                      0x08003a21   Thumb Code    36  usb_mem.o(i.UserToPMABufferCopy)
    Virtual_Com_Port_Data_Setup              0x08003a49   Thumb Code    68  usb_prop.o(i.Virtual_Com_Port_Data_Setup)
    Virtual_Com_Port_GetConfigDescriptor     0x08003a9d   Thumb Code     6  usb_prop.o(i.Virtual_Com_Port_GetConfigDescriptor)
    Virtual_Com_Port_GetDeviceDescriptor     0x08003aa9   Thumb Code     6  usb_prop.o(i.Virtual_Com_Port_GetDeviceDescriptor)
    Virtual_Com_Port_GetLineCoding           0x08003ab5   Thumb Code    18  usb_prop.o(i.Virtual_Com_Port_GetLineCoding)
    Virtual_Com_Port_GetStringDescriptor     0x08003ad1   Thumb Code    24  usb_prop.o(i.Virtual_Com_Port_GetStringDescriptor)
    Virtual_Com_Port_Get_Interface_Setting   0x08003af1   Thumb Code    14  usb_prop.o(i.Virtual_Com_Port_Get_Interface_Setting)
    Virtual_Com_Port_NoData_Setup            0x08003b01   Thumb Code    30  usb_prop.o(i.Virtual_Com_Port_NoData_Setup)
    Virtual_Com_Port_Reset                   0x08003b25   Thumb Code   208  usb_prop.o(i.Virtual_Com_Port_Reset)
    Virtual_Com_Port_SetConfiguration        0x08003c05   Thumb Code    16  usb_prop.o(i.Virtual_Com_Port_SetConfiguration)
    Virtual_Com_Port_SetDeviceAddress        0x08003c1d   Thumb Code     8  usb_prop.o(i.Virtual_Com_Port_SetDeviceAddress)
    Virtual_Com_Port_SetLineCoding           0x08003c29   Thumb Code    18  usb_prop.o(i.Virtual_Com_Port_SetLineCoding)
    Virtual_Com_Port_Status_In               0x08003c45   Thumb Code    14  usb_prop.o(i.Virtual_Com_Port_Status_In)
    Virtual_Com_Port_Status_Out              0x08003c59   Thumb Code     2  usb_prop.o(i.Virtual_Com_Port_Status_Out)
    Virtual_Com_Port_init                    0x08003c5d   Thumb Code    28  usb_prop.o(i.Virtual_Com_Port_init)
    WriteCmd                                 0x08003c81   Thumb Code     8  oled_i2c.o(i.WriteCmd)
    WriteDat                                 0x08003c89   Thumb Code     8  oled_i2c.o(i.WriteDat)
    __0sprintf                               0x08003c91   Thumb Code    34  printfa.o(i.__0sprintf)
    __1sprintf                               0x08003c91   Thumb Code     0  printfa.o(i.__0sprintf)
    __2sprintf                               0x08003c91   Thumb Code     0  printfa.o(i.__0sprintf)
    __c89sprintf                             0x08003c91   Thumb Code     0  printfa.o(i.__0sprintf)
    sprintf                                  0x08003c91   Thumb Code     0  printfa.o(i.__0sprintf)
    __0vsnprintf                             0x08003cb9   Thumb Code    46  printfa.o(i.__0vsnprintf)
    __1vsnprintf                             0x08003cb9   Thumb Code     0  printfa.o(i.__0vsnprintf)
    __2vsnprintf                             0x08003cb9   Thumb Code     0  printfa.o(i.__0vsnprintf)
    __c89vsnprintf                           0x08003cb9   Thumb Code     0  printfa.o(i.__0vsnprintf)
    vsnprintf                                0x08003cb9   Thumb Code     0  printfa.o(i.__0vsnprintf)
    __scatterload_copy                       0x08003ced   Thumb Code    14  handlers.o(i.__scatterload_copy)
    __scatterload_null                       0x08003cfb   Thumb Code     2  handlers.o(i.__scatterload_null)
    __scatterload_zeroinit                   0x08003cfd   Thumb Code    14  handlers.o(i.__scatterload_zeroinit)
    _dbg_printf                              0x08003d0d   Thumb Code    34  hal_usart.o(i._dbg_printf)
    decamutexoff                             0x08004709   Thumb Code    18  deca_mutex.o(i.decamutexoff)
    decamutexon                              0x0800471b   Thumb Code    26  deca_mutex.o(i.decamutexon)
    dwt_calcbandwidthadj                     0x08004749   Thumb Code    96  deca_device.o(i.dwt_calcbandwidthadj)
    dwt_check_dev_id                         0x080047b1   Thumb Code    28  deca_device.o(i.dwt_check_dev_id)
    dwt_checkidlerc                          0x080047d1   Thumb Code    18  deca_device.o(i.dwt_checkidlerc)
    dwt_configmrxlut                         0x080047e5   Thumb Code   164  deca_device.o(i.dwt_configmrxlut)
    dwt_configure                            0x080048b5   Thumb Code   768  deca_device.o(i.dwt_configure)
    dwt_configuretxrf                        0x08004bf9   Thumb Code    60  deca_device.o(i.dwt_configuretxrf)
    dwt_forcetrxoff                          0x08004d41   Thumb Code    30  deca_device.o(i.dwt_forcetrxoff)
    dwt_generatecrc8                         0x08004d61   Thumb Code    26  deca_device.o(i.dwt_generatecrc8)
    dwt_initialise                           0x08004d81   Thumb Code   236  deca_device.o(i.dwt_initialise)
    dwt_isr                                  0x08004e79   Thumb Code   528  deca_device.o(i.dwt_isr)
    dwt_modify16bitoffsetreg                 0x08005095   Thumb Code    40  deca_device.o(i.dwt_modify16bitoffsetreg)
    dwt_modify32bitoffsetreg                 0x080050bd   Thumb Code    64  deca_device.o(i.dwt_modify32bitoffsetreg)
    dwt_modify8bitoffsetreg                  0x080050fd   Thumb Code    28  deca_device.o(i.dwt_modify8bitoffsetreg)
    dwt_pgf_cal                              0x08005119   Thumb Code    66  deca_device.o(i.dwt_pgf_cal)
    dwt_read16bitoffsetreg                   0x08005161   Thumb Code    28  deca_device.o(i.dwt_read16bitoffsetreg)
    dwt_read32bitoffsetreg                   0x0800517d   Thumb Code    32  deca_device.o(i.dwt_read32bitoffsetreg)
    dwt_read8bitoffsetreg                    0x0800519d   Thumb Code    18  deca_device.o(i.dwt_read8bitoffsetreg)
    dwt_readdevid                            0x080051af   Thumb Code     8  deca_device.o(i.dwt_readdevid)
    dwt_readfromdevice                       0x080051b7   Thumb Code    12  deca_device.o(i.dwt_readfromdevice)
    dwt_readrxdata                           0x080051c5   Thumb Code    90  deca_device.o(i.dwt_readrxdata)
    dwt_run_pgfcal                           0x08005229   Thumb Code   154  deca_device.o(i.dwt_run_pgfcal)
    dwt_rxenable                             0x080052cd   Thumb Code   136  deca_device.o(i.dwt_rxenable)
    dwt_setdwstate                           0x08005355   Thumb Code   122  deca_device.o(i.dwt_setdwstate)
    dwt_setplenfine                          0x080053d5   Thumb Code    10  deca_device.o(i.dwt_setplenfine)
    dwt_signal_rx_buff_free                  0x080053e1   Thumb Code    34  deca_device.o(i.dwt_signal_rx_buff_free)
    dwt_starttx                              0x08005409   Thumb Code   216  deca_device.o(i.dwt_starttx)
    dwt_write16bitoffsetreg                  0x080054e5   Thumb Code    24  deca_device.o(i.dwt_write16bitoffsetreg)
    dwt_write32bitoffsetreg                  0x080054fd   Thumb Code    28  deca_device.o(i.dwt_write32bitoffsetreg)
    dwt_write8bitoffsetreg                   0x08005519   Thumb Code    14  deca_device.o(i.dwt_write8bitoffsetreg)
    dwt_writetodevice                        0x08005527   Thumb Code    14  deca_device.o(i.dwt_writetodevice)
    dwt_writetxdata                          0x08005535   Thumb Code    78  deca_device.o(i.dwt_writetxdata)
    dwt_writetxfctrl                         0x08005589   Thumb Code    68  deca_device.o(i.dwt_writetxfctrl)
    lis2dh12_iic_write_byte                  0x08005739   Thumb Code    18  lis2dh12.o(i.lis2dh12_iic_write_byte)
    main                                     0x08005751   Thumb Code   270  main.o(i.main)
    sts_length_factors                       0x08005d98   Data          14  deca_device.o(.constdata)
    Virtual_Com_Port_DeviceDescriptor        0x08005da6   Data          18  usb_desc.o(.constdata)
    Virtual_Com_Port_ConfigDescriptor        0x08005db8   Data          67  usb_desc.o(.constdata)
    Virtual_Com_Port_StringLangID            0x08005dfb   Data           4  usb_desc.o(.constdata)
    Virtual_Com_Port_StringVendor            0x08005dff   Data          24  usb_desc.o(.constdata)
    Virtual_Com_Port_StringProduct           0x08005e17   Data          38  usb_desc.o(.constdata)
    Region$$Table$$Base                      0x08005ea0   Number         0  anon$$obj.o(Region$$Table)
    Region$$Table$$Limit                     0x08005ec0   Number         0  anon$$obj.o(Region$$Table)
    led_test                                 0x20000000   Data           1  generic.o(.data)
    defaultFConfig                           0x20000008   Data         130  generic.o(.data)
    sys_uart_dma_buf                         0x2000008c   Data        2808  generic.o(.data)
    sys_para                                 0x20000b84   Data         164  generic.o(.data)
    sys_para_bak                             0x20000c28   Data         164  generic.o(.data)
    SystemCoreClock                          0x20000cd0   Data           4  system_stm32f10x.o(.data)
    AHBPrescTable                            0x20000cd4   Data          16  system_stm32f10x.o(.data)
    i                                        0x20000ce4   Data           1  hal_led.o(.data)
    hal_led                                  0x20000ce6   Data          16  hal_led.o(.data)
    USART1_DMA_RX_BYTE                       0x20000cfc   Data           1  hal_usart.o(.data)
    F16x16                                   0x20000d05   Data         256  oled_i2c.o(.data)
    EXTI_InitStructure                       0x20000e08   Data           8  hw_config.o(.data)
    Virtual_Com_Port_StringSerial            0x20000e10   Data          38  usb_desc.o(.data)
    bIntPackSOF                              0x20000e40   Data           1  usb_istr.o(.data)
    wIstr                                    0x20000e42   Data           2  usb_istr.o(.data)
    esof_counter                             0x20000e44   Data           4  usb_istr.o(.data)
    wCNTR                                    0x20000e48   Data           4  usb_istr.o(.data)
    pEpInt_IN                                0x20000e4c   Data          28  usb_istr.o(.data)
    pEpInt_OUT                               0x20000e68   Data          28  usb_istr.o(.data)
    Request                                  0x20000e84   Data           1  usb_prop.o(.data)
    linecoding                               0x20000e88   Data           8  usb_prop.o(.data)
    Device_Descriptor                        0x20000e90   Data           8  usb_prop.o(.data)
    Config_Descriptor                        0x20000e98   Data           8  usb_prop.o(.data)
    Device_Property                          0x20000ea0   Data          48  usb_prop.o(.data)
    String_Descriptor                        0x20000ed0   Data          32  usb_prop.o(.data)
    Device_Table                             0x20000ef0   Data           2  usb_prop.o(.data)
    User_Standard_Requests                   0x20000ef4   Data          36  usb_prop.o(.data)
    bDeviceState                             0x20000f18   Data           4  usb_pwr.o(.data)
    fSuspendEnabled                          0x20000f1c   Data           1  usb_pwr.o(.data)
    ResumeS                                  0x20000f20   Data           2  usb_pwr.o(.data)
    remotewakeupon                           0x20000f24   Data           4  usb_pwr.o(.data)
    Data_Mul_MaxPacketSize                   0x20000f28   Data           1  usb_core.o(.data)
    StatusInfo                               0x20000f2a   Data           2  usb_core.o(.data)
    EPindex                                  0x20000f2c   Data           1  usb_init.o(.data)
    pInformation                             0x20000f30   Data           4  usb_init.o(.data)
    pProperty                                0x20000f34   Data           4  usb_init.o(.data)
    pUser_Standard_Requests                  0x20000f38   Data           4  usb_init.o(.data)
    wInterrupt_Mask                          0x20000f3c   Data           2  usb_init.o(.data)
    SaveRState                               0x20000f3e   Data           2  usb_int.o(.data)
    SaveTState                               0x20000f40   Data           2  usb_int.o(.data)
    IIc_flag                                 0x20000f44   Data           4  lis2dh12.o(.data)
    time32_incr                              0x20000f70   Data           4  uwb.o(.data)
    txconfig_options                         0x20000f74   Data          12  config_options.o(.data)
    _dbg_TXBuff                              0x20001158   Data         256  hal_usart.o(.bss)
    EP                                       0x20001648   Data          32  usb_pwr.o(.bss)
    Device_Info                              0x20001668   Data          28  usb_init.o(.bss)
    __initial_sp                             0x20001aa8   Data           0  startup_stm32f10x_md.o(STACK)



==============================================================================

Memory Map of the image

  Image Entry point : 0x080000ed

  Load Region LR_IROM1 (Base: 0x08000000, Size: 0x00006e40, Max: 0x00020000, ABSOLUTE, COMPRESSED[0x00006140])

    Execution Region ER_IROM1 (Exec base: 0x08000000, Load base: 0x08000000, Size: 0x00005ec0, Max: 0x00020000, ABSOLUTE)

    Exec Addr    Load Addr    Size         Type   Attr      Idx    E Section Name        Object

    0x08000000   0x08000000   0x000000ec   Data   RO          798    RESET               startup_stm32f10x_md.o
    0x080000ec   0x080000ec   0x00000000   Code   RO         7578  * .ARM.Collect$$$$00000000  mc_w.l(entry.o)
    0x080000ec   0x080000ec   0x00000004   Code   RO         7937    .ARM.Collect$$$$00000001  mc_w.l(entry2.o)
    0x080000f0   0x080000f0   0x00000004   Code   RO         7940    .ARM.Collect$$$$00000004  mc_w.l(entry5.o)
    0x080000f4   0x080000f4   0x00000000   Code   RO         7942    .ARM.Collect$$$$00000008  mc_w.l(entry7b.o)
    0x080000f4   0x080000f4   0x00000000   Code   RO         7944    .ARM.Collect$$$$0000000A  mc_w.l(entry8b.o)
    0x080000f4   0x080000f4   0x00000008   Code   RO         7945    .ARM.Collect$$$$0000000B  mc_w.l(entry9a.o)
    0x080000fc   0x080000fc   0x00000004   Code   RO         7952    .ARM.Collect$$$$0000000E  mc_w.l(entry12b.o)
    0x08000100   0x08000100   0x00000000   Code   RO         7947    .ARM.Collect$$$$0000000F  mc_w.l(entry10a.o)
    0x08000100   0x08000100   0x00000000   Code   RO         7949    .ARM.Collect$$$$00000011  mc_w.l(entry11a.o)
    0x08000100   0x08000100   0x00000004   Code   RO         7938    .ARM.Collect$$$$00002712  mc_w.l(entry2.o)
    0x08000104   0x08000104   0x00000024   Code   RO          799    .text               startup_stm32f10x_md.o
    0x08000128   0x08000128   0x00000290   Code   RO         7210    .text               os.lib(osal.o)
    0x080003b8   0x080003b8   0x00000290   Code   RO         7377    .text               twr.lib(uwb.o)
    0x08000648   0x08000648   0x0000000c   Code   RO         7581    .text               mc_w.l(toupper.o)
    0x08000654   0x08000654   0x00000024   Code   RO         7585    .text               mc_w.l(memcpya.o)
    0x08000678   0x08000678   0x00000024   Code   RO         7587    .text               mc_w.l(memseta.o)
    0x0800069c   0x0800069c   0x00000064   Code   RO         7864    .text               mf_w.l(fmul.o)
    0x08000700   0x08000700   0x0000014e   Code   RO         7870    .text               mf_w.l(dadd.o)
    0x0800084e   0x0800084e   0x000000e4   Code   RO         7872    .text               mf_w.l(dmul.o)
    0x08000932   0x08000932   0x000000de   Code   RO         7874    .text               mf_w.l(ddiv.o)
    0x08000a10   0x08000a10   0x0000000a   Code   RO         7880    .text               mf_w.l(ffltui.o)
    0x08000a1a   0x08000a1a   0x00000032   Code   RO         7890    .text               mf_w.l(ffixi.o)
    0x08000a4c   0x08000a4c   0x00000030   Code   RO         7896    .text               mf_w.l(dfixul.o)
    0x08000a7c   0x08000a7c   0x0000002c   Code   RO         7956    .text               mc_w.l(uidiv.o)
    0x08000aa8   0x08000aa8   0x00000062   Code   RO         7958    .text               mc_w.l(uldiv.o)
    0x08000b0a   0x08000b0a   0x0000001e   Code   RO         7960    .text               mc_w.l(llshl.o)
    0x08000b28   0x08000b28   0x00000020   Code   RO         7962    .text               mc_w.l(llushr.o)
    0x08000b48   0x08000b48   0x00000024   Code   RO         7964    .text               mc_w.l(llsshr.o)
    0x08000b6c   0x08000b6c   0x00000000   Code   RO         8009    .text               mc_w.l(iusefp.o)
    0x08000b6c   0x08000b6c   0x0000006e   Code   RO         8010    .text               mf_w.l(fepilogue.o)
    0x08000bda   0x08000bda   0x000000ba   Code   RO         8012    .text               mf_w.l(depilogue.o)
    0x08000c94   0x08000c94   0x00000030   Code   RO         8018    .text               mf_w.l(cdrcmple.o)
    0x08000cc4   0x08000cc4   0x00000024   Code   RO         8020    .text               mc_w.l(init.o)
    0x08000ce8   0x08000ce8   0x00000056   Code   RO         8047    .text               mc_w.l(__dczerorl2.o)
    0x08000d3e   0x08000d3e   0x00000002   PAD
    0x08000d40   0x08000d40   0x00000014   Code   RO          435    i.App_Module_Sys_Read_NVM  generic.o
    0x08000d54   0x08000d54   0x00000024   Code   RO          437    i.App_Module_Sys_Write_NVM  generic.o
    0x08000d78   0x08000d78   0x00000030   Code   RO         3648    i.BusFault_Handler  stm32f10x_it.o
    0x08000da8   0x08000da8   0x0000000a   Code   RO         3089    i.ByteSwap          usb_regs.o
    0x08000db2   0x08000db2   0x00000002   PAD
    0x08000db4   0x08000db4   0x00000158   Code   RO         3018    i.CTR_LP            usb_int.o
    0x08000f0c   0x08000f0c   0x00000028   Code   RO         3090    i.ClearDTOG_RX      usb_regs.o
    0x08000f34   0x08000f34   0x00000028   Code   RO         3091    i.ClearDTOG_TX      usb_regs.o
    0x08000f5c   0x08000f5c   0x00000020   Code   RO         3096    i.Clear_Status_Out  usb_regs.o
    0x08000f7c   0x08000f7c   0x00000028   Code   RO          619    i.DMA1_Channel4_IRQHandler  generic_cmd.o
    0x08000fa4   0x08000fa4   0x0000007c   Code   RO          620    i.DMA1_Channel5_IRQHandler  generic_cmd.o
    0x08001020   0x08001020   0x00000018   Code   RO         4587    i.DMA_ClearFlag     stm32f10x_dma.o
    0x08001038   0x08001038   0x00000018   Code   RO         4588    i.DMA_ClearITPendingBit  stm32f10x_dma.o
    0x08001050   0x08001050   0x00000016   Code   RO         4589    i.DMA_Cmd           stm32f10x_dma.o
    0x08001066   0x08001066   0x00000002   PAD
    0x08001068   0x08001068   0x000000e4   Code   RO         4590    i.DMA_DeInit        stm32f10x_dma.o
    0x0800114c   0x0800114c   0x00000020   Code   RO         4592    i.DMA_GetFlagStatus  stm32f10x_dma.o
    0x0800116c   0x0800116c   0x00000020   Code   RO         4593    i.DMA_GetITStatus   stm32f10x_dma.o
    0x0800118c   0x0800118c   0x00000010   Code   RO         4594    i.DMA_ITConfig      stm32f10x_dma.o
    0x0800119c   0x0800119c   0x0000003a   Code   RO         4595    i.DMA_Init          stm32f10x_dma.o
    0x080011d6   0x080011d6   0x00000002   PAD
    0x080011d8   0x080011d8   0x000000b4   Code   RO         2821    i.DataStageIn       usb_core.o
    0x0800128c   0x0800128c   0x000000a4   Code   RO         2822    i.DataStageOut      usb_core.o
    0x08001330   0x08001330   0x0000019c   Code   RO         2823    i.Data_Setup0       usb_core.o
    0x080014cc   0x080014cc   0x00000002   Code   RO         3649    i.DebugMon_Handler  stm32f10x_it.o
    0x080014ce   0x080014ce   0x00000002   PAD
    0x080014d0   0x080014d0   0x00000044   Code   RO         2539    i.EP1_IN_Callback   usb_endp.o
    0x08001514   0x08001514   0x00000020   Code   RO         2540    i.EP3_OUT_Callback  usb_endp.o
    0x08001534   0x08001534   0x00000010   Code   RO         3650    i.EXTI9_5_IRQHandler  stm32f10x_it.o
    0x08001544   0x08001544   0x0000000c   Code   RO         4672    i.EXTI_ClearITPendingBit  stm32f10x_exti.o
    0x08001550   0x08001550   0x00000070   Code   RO         4677    i.EXTI_Init         stm32f10x_exti.o
    0x080015c0   0x080015c0   0x0000000c   Code   RO         4737    i.FLASH_ClearFlag   stm32f10x_flash.o
    0x080015cc   0x080015cc   0x0000003c   Code   RO         4742    i.FLASH_ErasePage   stm32f10x_flash.o
    0x08001608   0x08001608   0x00000028   Code   RO         4743    i.FLASH_GetBank1Status  stm32f10x_flash.o
    0x08001630   0x08001630   0x00000010   Code   RO         4752    i.FLASH_Lock        stm32f10x_flash.o
    0x08001640   0x08001640   0x00000018   Code   RO         4754    i.FLASH_PrefetchBufferCmd  stm32f10x_flash.o
    0x08001658   0x08001658   0x00000050   Code   RO         4757    i.FLASH_ProgramWord  stm32f10x_flash.o
    0x080016a8   0x080016a8   0x00000014   Code   RO         4759    i.FLASH_SetLatency  stm32f10x_flash.o
    0x080016bc   0x080016bc   0x00000018   Code   RO         4760    i.FLASH_Unlock      stm32f10x_flash.o
    0x080016d4   0x080016d4   0x00000022   Code   RO         4764    i.FLASH_WaitForLastOperation  stm32f10x_flash.o
    0x080016f6   0x080016f6   0x00000002   PAD
    0x080016f8   0x080016f8   0x00000028   Code   RO         5056    i.GPIO_EXTILineConfig  stm32f10x_gpio.o
    0x08001720   0x08001720   0x0000009c   Code   RO         5059    i.GPIO_Init         stm32f10x_gpio.o
    0x080017bc   0x080017bc   0x0000000e   Code   RO         5063    i.GPIO_ReadInputDataBit  stm32f10x_gpio.o
    0x080017ca   0x080017ca   0x00000004   Code   RO         5066    i.GPIO_ResetBits    stm32f10x_gpio.o
    0x080017ce   0x080017ce   0x00000004   Code   RO         5067    i.GPIO_SetBits      stm32f10x_gpio.o
    0x080017d2   0x080017d2   0x00000002   PAD
    0x080017d4   0x080017d4   0x00000020   Code   RO         3108    i.GetEPRxAddr       usb_regs.o
    0x080017f4   0x080017f4   0x00000020   Code   RO         3109    i.GetEPRxCount      usb_regs.o
    0x08001814   0x08001814   0x0000001c   Code   RO         3111    i.GetEPTxAddr       usb_regs.o
    0x08001830   0x08001830   0x00000034   Code   RO         2301    i.Get_SerialNum     hw_config.o
    0x08001864   0x08001864   0x0000002c   Code   RO         1052    i.HalDecaExitInit   hal_spi.o
    0x08001890   0x08001890   0x00000014   Code   RO         1093    i.HalDelayTime_Counter  hal_timer.o
    0x080018a4   0x080018a4   0x0000001c   Code   RO         1094    i.HalDelay_nMs      hal_timer.o
    0x080018c0   0x080018c0   0x00000002   Code   RO          887    i.HalFlashInit      hal_flash.o
    0x080018c2   0x080018c2   0x00000004   Code   RO         1095    i.HalIWDG_Feed      hal_timer.o
    0x080018c6   0x080018c6   0x00000046   Code   RO         3497    i.HalIis2dh12Init   lis2dh12.o
    0x0800190c   0x0800190c   0x00000034   Code   RO          988    i.HalLedInit        hal_led.o
    0x08001940   0x08001940   0x0000003c   Code   RO          989    i.HalLedSet         hal_led.o
    0x0800197c   0x0800197c   0x00000040   Code   RO          990    i.HalLed_Blink      hal_led.o
    0x080019bc   0x080019bc   0x00000016   Code   RO          888    i.HalRead_Flash     hal_flash.o
    0x080019d2   0x080019d2   0x00000004   Code   RO         1053    i.HalSpiInit        hal_spi.o
    0x080019d6   0x080019d6   0x00000022   Code   RO         1096    i.HalTimer2_NVIC_Config  hal_timer.o
    0x080019f8   0x080019f8   0x000000a4   Code   RO         1097    i.HalTimerInit      hal_timer.o
    0x08001a9c   0x08001a9c   0x00000098   Code   RO         1152    i.HalUARTInit       hal_usart.o
    0x08001b34   0x08001b34   0x000000b4   Code   RO         1153    i.HalUASRT1_DMA_Config  hal_usart.o
    0x08001be8   0x08001be8   0x00000022   Code   RO         1154    i.HalUSART1_DMA_RX_NVIC_Config  hal_usart.o
    0x08001c0a   0x08001c0a   0x00000022   Code   RO         1155    i.HalUSART1_DMA_TX_NVIC_Config  hal_usart.o
    0x08001c2c   0x08001c2c   0x000000b8   Code   RO         1156    i.HalUSART2_Init    hal_usart.o
    0x08001ce4   0x08001ce4   0x00000016   Code   RO         1242    i.HalUsbInit        hal_usb.o
    0x08001cfa   0x08001cfa   0x00000062   Code   RO          889    i.HalWrite_Flash    hal_flash.o
    0x08001d5c   0x08001d5c   0x00000020   Code   RO         1054    i.Hal_DECA_KEY_NVIC_Config  hal_spi.o
    0x08001d7c   0x08001d7c   0x00000068   Code   RO          847    i.Hal_Driver_Init   hal_drivers.o
    0x08001de4   0x08001de4   0x0000008c   Code   RO          924    i.Hal_I2C_LCD_Init  hal_iic.o
    0x08001e70   0x08001e70   0x00000080   Code   RO          925    i.Hal_I2C_Sensor_Init  hal_iic.o
    0x08001ef0   0x08001ef0   0x000000e4   Code   RO         1055    i.Hal_SPI1_Deca_Init  hal_spi.o
    0x08001fd4   0x08001fd4   0x00000030   Code   RO         3651    i.HardFault_Handler  stm32f10x_it.o
    0x08002004   0x08002004   0x00000014   Code   RO         5180    i.I2C_AcknowledgeConfig  stm32f10x_i2c.o
    0x08002018   0x08002018   0x00000018   Code   RO         5182    i.I2C_CheckEvent    stm32f10x_i2c.o
    0x08002030   0x08002030   0x00000014   Code   RO         5185    i.I2C_Cmd           stm32f10x_i2c.o
    0x08002044   0x08002044   0x0000002c   Code   RO         5188    i.I2C_DeInit        stm32f10x_i2c.o
    0x08002070   0x08002070   0x00000014   Code   RO         5192    i.I2C_GenerateSTART  stm32f10x_i2c.o
    0x08002084   0x08002084   0x00000014   Code   RO         5193    i.I2C_GenerateSTOP  stm32f10x_i2c.o
    0x08002098   0x08002098   0x0000002a   Code   RO         5194    i.I2C_GetFlagStatus  stm32f10x_i2c.o
    0x080020c2   0x080020c2   0x00000002   PAD
    0x080020c4   0x080020c4   0x000000bc   Code   RO         5199    i.I2C_Init          stm32f10x_i2c.o
    0x08002180   0x08002180   0x00000010   Code   RO         5206    i.I2C_Send7bitAddress  stm32f10x_i2c.o
    0x08002190   0x08002190   0x00000004   Code   RO         5207    i.I2C_SendData      stm32f10x_i2c.o
    0x08002194   0x08002194   0x00000174   Code   RO         2199    i.I2C_WriteByte     oled_i2c.o
    0x08002308   0x08002308   0x000000c4   Code   RO         3498    i.I2C_WriteOneByte  lis2dh12.o
    0x080023cc   0x080023cc   0x00000010   Code   RO         5395    i.IWDG_Enable       stm32f10x_iwdg.o
    0x080023dc   0x080023dc   0x00000010   Code   RO         5397    i.IWDG_ReloadCounter  stm32f10x_iwdg.o
    0x080023ec   0x080023ec   0x0000000c   Code   RO         5398    i.IWDG_SetPrescaler  stm32f10x_iwdg.o
    0x080023f8   0x080023f8   0x0000000c   Code   RO         5399    i.IWDG_SetReload    stm32f10x_iwdg.o
    0x08002404   0x08002404   0x0000000c   Code   RO         5400    i.IWDG_WriteAccessCmd  stm32f10x_iwdg.o
    0x08002410   0x08002410   0x0000005c   Code   RO         2824    i.In0_Process       usb_core.o
    0x0800246c   0x0800246c   0x00000036   Code   RO         2302    i.IntToUnicode      hw_config.o
    0x080024a2   0x080024a2   0x00000002   PAD
    0x080024a4   0x080024a4   0x0000001c   Code   RO         2303    i.Leave_LowPowerMode  hw_config.o
    0x080024c0   0x080024c0   0x00000030   Code   RO         3652    i.MemManage_Handler  stm32f10x_it.o
    0x080024f0   0x080024f0   0x00000002   Code   RO         3653    i.NMI_Handler       stm32f10x_it.o
    0x080024f2   0x080024f2   0x00000002   Code   RO         2825    i.NOP_Process       usb_core.o
    0x080024f4   0x080024f4   0x00000064   Code   RO         3766    i.NVIC_Init         misc.o
    0x08002558   0x08002558   0x00000014   Code   RO         3767    i.NVIC_PriorityGroupConfig  misc.o
    0x0800256c   0x0800256c   0x00000020   Code   RO         1098    i.NVIC_SetPriority  hal_timer.o
    0x0800258c   0x0800258c   0x00000024   Code   RO         3654    i.NVIC_SystemReset  stm32f10x_it.o
    0x080025b0   0x080025b0   0x000000d4   Code   RO         2826    i.NoData_Setup0     usb_core.o
    0x08002684   0x08002684   0x00000036   Code   RO         2202    i.OLED_Fill         oled_i2c.o
    0x080026ba   0x080026ba   0x000000b4   Code   RO         2203    i.OLED_Init         oled_i2c.o
    0x0800276e   0x0800276e   0x00000002   PAD
    0x08002770   0x08002770   0x00000048   Code   RO         2827    i.Out0_Process      usb_core.o
    0x080027b8   0x080027b8   0x00000020   Code   RO         3059    i.PMAToUserBufferCopy  usb_mem.o
    0x080027d8   0x080027d8   0x00000002   Code   RO         3655    i.PendSV_Handler    stm32f10x_it.o
    0x080027da   0x080027da   0x00000002   PAD
    0x080027dc   0x080027dc   0x00000044   Code   RO         2828    i.Post0_Process     usb_core.o
    0x08002820   0x08002820   0x0000002c   Code   RO         2765    i.PowerOn           usb_pwr.o
    0x0800284c   0x0800284c   0x0000000c   Code   RO         2427    i.QUEUE_PacketCreate  queue.o
    0x08002858   0x08002858   0x00000030   Code   RO         2429    i.QUEUE_PacketIn    queue.o
    0x08002888   0x08002888   0x00000038   Code   RO         2431    i.QUEUE_PacketOut   queue.o
    0x080028c0   0x080028c0   0x00000018   Code   RO         5522    i.RCC_AHBPeriphClockCmd  stm32f10x_rcc.o
    0x080028d8   0x080028d8   0x00000018   Code   RO         5523    i.RCC_APB1PeriphClockCmd  stm32f10x_rcc.o
    0x080028f0   0x080028f0   0x00000018   Code   RO         5524    i.RCC_APB1PeriphResetCmd  stm32f10x_rcc.o
    0x08002908   0x08002908   0x00000018   Code   RO         5525    i.RCC_APB2PeriphClockCmd  stm32f10x_rcc.o
    0x08002920   0x08002920   0x00000018   Code   RO         5526    i.RCC_APB2PeriphResetCmd  stm32f10x_rcc.o
    0x08002938   0x08002938   0x00000040   Code   RO         5532    i.RCC_DeInit        stm32f10x_rcc.o
    0x08002978   0x08002978   0x00000094   Code   RO         5533    i.RCC_GetClocksFreq  stm32f10x_rcc.o
    0x08002a0c   0x08002a0c   0x00000030   Code   RO         5534    i.RCC_GetFlagStatus  stm32f10x_rcc.o
    0x08002a3c   0x08002a3c   0x00000010   Code   RO         5536    i.RCC_GetSYSCLKSource  stm32f10x_rcc.o
    0x08002a4c   0x08002a4c   0x00000014   Code   RO         5537    i.RCC_HCLKConfig    stm32f10x_rcc.o
    0x08002a60   0x08002a60   0x00000034   Code   RO         5538    i.RCC_HSEConfig     stm32f10x_rcc.o
    0x08002a94   0x08002a94   0x00000014   Code   RO         5544    i.RCC_PCLK1Config   stm32f10x_rcc.o
    0x08002aa8   0x08002aa8   0x00000014   Code   RO         5545    i.RCC_PCLK2Config   stm32f10x_rcc.o
    0x08002abc   0x08002abc   0x0000000c   Code   RO         5546    i.RCC_PLLCmd        stm32f10x_rcc.o
    0x08002ac8   0x08002ac8   0x00000014   Code   RO         5547    i.RCC_PLLConfig     stm32f10x_rcc.o
    0x08002adc   0x08002adc   0x00000014   Code   RO         5550    i.RCC_SYSCLKConfig  stm32f10x_rcc.o
    0x08002af0   0x08002af0   0x0000000c   Code   RO         5551    i.RCC_USBCLKConfig  stm32f10x_rcc.o
    0x08002afc   0x08002afc   0x0000002c   Code   RO         5552    i.RCC_WaitForHSEStartUp  stm32f10x_rcc.o
    0x08002b28   0x08002b28   0x00000094   Code   RO         2766    i.Resume            usb_pwr.o
    0x08002bbc   0x08002bbc   0x00000020   Code   RO         2767    i.Resume_Init       usb_pwr.o
    0x08002bdc   0x08002bdc   0x00000058   Code   RO         2541    i.SOF_Callback      usb_endp.o
    0x08002c34   0x08002c34   0x00000014   Code   RO         6037    i.SPI_Cmd           stm32f10x_spi.o
    0x08002c48   0x08002c48   0x00000054   Code   RO         6044    i.SPI_I2S_DeInit    stm32f10x_spi.o
    0x08002c9c   0x08002c9c   0x0000000e   Code   RO         6045    i.SPI_I2S_GetFlagStatus  stm32f10x_spi.o
    0x08002caa   0x08002caa   0x00000004   Code   RO         6048    i.SPI_I2S_ReceiveData  stm32f10x_spi.o
    0x08002cae   0x08002cae   0x00000004   Code   RO         6049    i.SPI_I2S_SendData  stm32f10x_spi.o
    0x08002cb2   0x08002cb2   0x00000038   Code   RO         6050    i.SPI_Init          stm32f10x_spi.o
    0x08002cea   0x08002cea   0x00000014   Code   RO         6052    i.SPI_SSOutputCmd   stm32f10x_spi.o
    0x08002cfe   0x08002cfe   0x00000002   Code   RO         3656    i.SVC_Handler       stm32f10x_it.o
    0x08002d00   0x08002d00   0x00000010   Code   RO         3119    i.SetBTABLE         usb_regs.o
    0x08002d10   0x08002d10   0x00000048   Code   RO         2829    i.SetDeviceAddress  usb_core.o
    0x08002d58   0x08002d58   0x00000020   Code   RO         3133    i.SetEPRxAddr       usb_regs.o
    0x08002d78   0x08002d78   0x00000040   Code   RO         3134    i.SetEPRxCount      usb_regs.o
    0x08002db8   0x08002db8   0x00000030   Code   RO         3135    i.SetEPRxStatus     usb_regs.o
    0x08002de8   0x08002de8   0x00000024   Code   RO         3136    i.SetEPRxValid      usb_regs.o
    0x08002e0c   0x08002e0c   0x00000020   Code   RO         3137    i.SetEPTxAddr       usb_regs.o
    0x08002e2c   0x08002e2c   0x0000001c   Code   RO         3138    i.SetEPTxCount      usb_regs.o
    0x08002e48   0x08002e48   0x00000030   Code   RO         3139    i.SetEPTxStatus     usb_regs.o
    0x08002e78   0x08002e78   0x00000024   Code   RO         3140    i.SetEPTxValid      usb_regs.o
    0x08002e9c   0x08002e9c   0x0000001c   Code   RO         3141    i.SetEPType         usb_regs.o
    0x08002eb8   0x08002eb8   0x000000a8   Code   RO          806    i.SetSysClockTo72   system_stm32f10x.o
    0x08002f60   0x08002f60   0x0000006c   Code   RO         2304    i.Set_System        hw_config.o
    0x08002fcc   0x08002fcc   0x00000014   Code   RO         2305    i.Set_USBClock      hw_config.o
    0x08002fe0   0x08002fe0   0x00000068   Code   RO         2830    i.Setup0_Process    usb_core.o
    0x08003048   0x08003048   0x000000fc   Code   RO         2831    i.Standard_ClearFeature  usb_core.o
    0x08003144   0x08003144   0x00000028   Code   RO         2832    i.Standard_GetConfiguration  usb_core.o
    0x0800316c   0x0800316c   0x0000001c   Code   RO         2833    i.Standard_GetDescriptorData  usb_core.o
    0x08003188   0x08003188   0x00000028   Code   RO         2834    i.Standard_GetInterface  usb_core.o
    0x080031b0   0x080031b0   0x00000094   Code   RO         2835    i.Standard_GetStatus  usb_core.o
    0x08003244   0x08003244   0x00000038   Code   RO         2836    i.Standard_SetConfiguration  usb_core.o
    0x0800327c   0x0800327c   0x00000024   Code   RO         2837    i.Standard_SetDeviceFeature  usb_core.o
    0x080032a0   0x080032a0   0x00000088   Code   RO         2838    i.Standard_SetEndPointFeature  usb_core.o
    0x08003328   0x08003328   0x00000048   Code   RO         2839    i.Standard_SetInterface  usb_core.o
    0x08003370   0x08003370   0x000000c0   Code   RO         2768    i.Suspend           usb_pwr.o
    0x08003430   0x08003430   0x00000010   Code   RO         3657    i.SysTick_Handler   stm32f10x_it.o
    0x08003440   0x08003440   0x00000050   Code   RO          808    i.SystemInit        system_stm32f10x.o
    0x08003490   0x08003490   0x00000034   Code   RO         3658    i.TIM2_IRQHandler   stm32f10x_it.o
    0x080034c4   0x080034c4   0x00000006   Code   RO         6197    i.TIM_ClearITPendingBit  stm32f10x_tim.o
    0x080034ca   0x080034ca   0x00000014   Code   RO         6202    i.TIM_Cmd           stm32f10x_tim.o
    0x080034de   0x080034de   0x00000018   Code   RO         6223    i.TIM_GetITStatus   stm32f10x_tim.o
    0x080034f6   0x080034f6   0x00000010   Code   RO         6227    i.TIM_ITConfig      stm32f10x_tim.o
    0x08003506   0x08003506   0x00000002   PAD
    0x08003508   0x08003508   0x0000009c   Code   RO         6273    i.TIM_TimeBaseInit  stm32f10x_tim.o
    0x080035a4   0x080035a4   0x00000058   Code   RO         1157    i.USART1_SendBuffer  hal_usart.o
    0x080035fc   0x080035fc   0x00000020   Code   RO         1158    i.USART2SendByteData  hal_usart.o
    0x0800361c   0x0800361c   0x00000034   Code   RO         1160    i.USART2_IRQHandler  hal_usart.o
    0x08003650   0x08003650   0x00000006   Code   RO         6733    i.USART_ClearFlag   stm32f10x_usart.o
    0x08003656   0x08003656   0x0000000c   Code   RO         6734    i.USART_ClearITPendingBit  stm32f10x_usart.o
    0x08003662   0x08003662   0x00000014   Code   RO         6737    i.USART_Cmd         stm32f10x_usart.o
    0x08003676   0x08003676   0x00000010   Code   RO         6738    i.USART_DMACmd      stm32f10x_usart.o
    0x08003686   0x08003686   0x0000000e   Code   RO         6740    i.USART_GetFlagStatus  stm32f10x_usart.o
    0x08003694   0x08003694   0x0000003e   Code   RO         6741    i.USART_GetITStatus  stm32f10x_usart.o
    0x080036d2   0x080036d2   0x00000030   Code   RO         6743    i.USART_ITConfig    stm32f10x_usart.o
    0x08003702   0x08003702   0x00000002   PAD
    0x08003704   0x08003704   0x000000ac   Code   RO         6744    i.USART_Init        stm32f10x_usart.o
    0x080037b0   0x080037b0   0x00000008   Code   RO         6751    i.USART_ReceiveData  stm32f10x_usart.o
    0x080037b8   0x080037b8   0x00000008   Code   RO         6754    i.USART_SendData    stm32f10x_usart.o
    0x080037c0   0x080037c0   0x00000008   Code   RO         2613    i.USBWakeUp_IRQHandler  usb_it.o
    0x080037c8   0x080037c8   0x00000018   Code   RO         2306    i.USB_Cable_Config  hw_config.o
    0x080037e0   0x080037e0   0x00000028   Code   RO         2979    i.USB_Init          usb_init.o
    0x08003808   0x08003808   0x00000032   Code   RO         2308    i.USB_Interrupts_Config  hw_config.o
    0x0800383a   0x0800383a   0x00000002   PAD
    0x0800383c   0x0800383c   0x0000014c   Code   RO         2581    i.USB_Istr          usb_istr.o
    0x08003988   0x08003988   0x00000004   Code   RO         2614    i.USB_LP_CAN1_RX0_IRQHandler  usb_it.o
    0x0800398c   0x0800398c   0x00000010   Code   RO         2310    i.USB_RxWrite       hw_config.o
    0x0800399c   0x0800399c   0x00000020   Code   RO         3461    i.USB_SIL_Init      usb_sil.o
    0x080039bc   0x080039bc   0x00000024   Code   RO         3462    i.USB_SIL_Read      usb_sil.o
    0x080039e0   0x080039e0   0x00000010   Code   RO         2311    i.USB_TxRead        hw_config.o
    0x080039f0   0x080039f0   0x00000030   Code   RO         3659    i.UsageFault_Handler  stm32f10x_it.o
    0x08003a20   0x08003a20   0x00000028   Code   RO         3060    i.UserToPMABufferCopy  usb_mem.o
    0x08003a48   0x08003a48   0x00000054   Code   RO         2649    i.Virtual_Com_Port_Data_Setup  usb_prop.o
    0x08003a9c   0x08003a9c   0x0000000c   Code   RO         2650    i.Virtual_Com_Port_GetConfigDescriptor  usb_prop.o
    0x08003aa8   0x08003aa8   0x0000000c   Code   RO         2651    i.Virtual_Com_Port_GetDeviceDescriptor  usb_prop.o
    0x08003ab4   0x08003ab4   0x0000001c   Code   RO         2652    i.Virtual_Com_Port_GetLineCoding  usb_prop.o
    0x08003ad0   0x08003ad0   0x00000020   Code   RO         2653    i.Virtual_Com_Port_GetStringDescriptor  usb_prop.o
    0x08003af0   0x08003af0   0x0000000e   Code   RO         2654    i.Virtual_Com_Port_Get_Interface_Setting  usb_prop.o
    0x08003afe   0x08003afe   0x00000002   PAD
    0x08003b00   0x08003b00   0x00000024   Code   RO         2655    i.Virtual_Com_Port_NoData_Setup  usb_prop.o
    0x08003b24   0x08003b24   0x000000e0   Code   RO         2656    i.Virtual_Com_Port_Reset  usb_prop.o
    0x08003c04   0x08003c04   0x00000018   Code   RO         2657    i.Virtual_Com_Port_SetConfiguration  usb_prop.o
    0x08003c1c   0x08003c1c   0x0000000c   Code   RO         2658    i.Virtual_Com_Port_SetDeviceAddress  usb_prop.o
    0x08003c28   0x08003c28   0x0000001c   Code   RO         2659    i.Virtual_Com_Port_SetLineCoding  usb_prop.o
    0x08003c44   0x08003c44   0x00000014   Code   RO         2660    i.Virtual_Com_Port_Status_In  usb_prop.o
    0x08003c58   0x08003c58   0x00000002   Code   RO         2661    i.Virtual_Com_Port_Status_Out  usb_prop.o
    0x08003c5a   0x08003c5a   0x00000002   PAD
    0x08003c5c   0x08003c5c   0x00000024   Code   RO         2662    i.Virtual_Com_Port_init  usb_prop.o
    0x08003c80   0x08003c80   0x00000008   Code   RO         2209    i.WriteCmd          oled_i2c.o
    0x08003c88   0x08003c88   0x00000008   Code   RO         2210    i.WriteDat          oled_i2c.o
    0x08003c90   0x08003c90   0x00000028   Code   RO         7830    i.__0sprintf        mc_w.l(printfa.o)
    0x08003cb8   0x08003cb8   0x00000034   Code   RO         7833    i.__0vsnprintf      mc_w.l(printfa.o)
    0x08003cec   0x08003cec   0x0000000e   Code   RO         8041    i.__scatterload_copy  mc_w.l(handlers.o)
    0x08003cfa   0x08003cfa   0x00000002   Code   RO         8042    i.__scatterload_null  mc_w.l(handlers.o)
    0x08003cfc   0x08003cfc   0x0000000e   Code   RO         8043    i.__scatterload_zeroinit  mc_w.l(handlers.o)
    0x08003d0a   0x08003d0a   0x00000002   PAD
    0x08003d0c   0x08003d0c   0x00000028   Code   RO         1161    i._dbg_printf       hal_usart.o
    0x08003d34   0x08003d34   0x0000002c   Code   RO         1309    i._dwt_kick_dgc_on_wakeup  deca_device.o
    0x08003d60   0x08003d60   0x00000038   Code   RO         1311    i._dwt_otpread      deca_device.o
    0x08003d98   0x08003d98   0x00000034   Code   RO         1312    i._dwt_prog_ldo_and_bias_tune  deca_device.o
    0x08003dcc   0x08003dcc   0x00000184   Code   RO         7835    i._fp_digits        mc_w.l(printfa.o)
    0x08003f50   0x08003f50   0x000006b4   Code   RO         7836    i._printf_core      mc_w.l(printfa.o)
    0x08004604   0x08004604   0x00000024   Code   RO         7837    i._printf_post_padding  mc_w.l(printfa.o)
    0x08004628   0x08004628   0x0000002e   Code   RO         7838    i._printf_pre_padding  mc_w.l(printfa.o)
    0x08004656   0x08004656   0x00000016   Code   RO         7839    i._snputc           mc_w.l(printfa.o)
    0x0800466c   0x0800466c   0x0000000a   Code   RO         7840    i._sputc            mc_w.l(printfa.o)
    0x08004676   0x08004676   0x00000002   PAD
    0x08004678   0x08004678   0x00000090   Code   RO         3561    i.button_pressed    main.o
    0x08004708   0x08004708   0x00000012   Code   RO         2151    i.decamutexoff      deca_mutex.o
    0x0800471a   0x0800471a   0x0000001a   Code   RO         2152    i.decamutexon       deca_mutex.o
    0x08004734   0x08004734   0x00000012   Code   RO         3562    i.delay_ms          main.o
    0x08004746   0x08004746   0x00000002   PAD
    0x08004748   0x08004748   0x00000068   Code   RO         1316    i.dwt_calcbandwidthadj  deca_device.o
    0x080047b0   0x080047b0   0x00000020   Code   RO         1319    i.dwt_check_dev_id  deca_device.o
    0x080047d0   0x080047d0   0x00000012   Code   RO         1320    i.dwt_checkidlerc   deca_device.o
    0x080047e2   0x080047e2   0x00000002   PAD
    0x080047e4   0x080047e4   0x000000d0   Code   RO         1327    i.dwt_configmrxlut  deca_device.o
    0x080048b4   0x080048b4   0x00000344   Code   RO         1328    i.dwt_configure     deca_device.o
    0x08004bf8   0x08004bf8   0x00000044   Code   RO         1339    i.dwt_configuretxrf  deca_device.o
    0x08004c3c   0x08004c3c   0x00000038   Code   RO         1342    i.dwt_disable_rf_tx  deca_device.o
    0x08004c74   0x08004c74   0x00000010   Code   RO         1343    i.dwt_disable_rftx_blocks  deca_device.o
    0x08004c84   0x08004c84   0x00000068   Code   RO         1345    i.dwt_enable_rf_tx  deca_device.o
    0x08004cec   0x08004cec   0x00000030   Code   RO         1346    i.dwt_enable_rftx_blocks  deca_device.o
    0x08004d1c   0x08004d1c   0x00000024   Code   RO         1352    i.dwt_force_clocks  deca_device.o
    0x08004d40   0x08004d40   0x0000001e   Code   RO         1353    i.dwt_forcetrxoff   deca_device.o
    0x08004d5e   0x08004d5e   0x00000002   PAD
    0x08004d60   0x08004d60   0x00000020   Code   RO         1354    i.dwt_generatecrc8  deca_device.o
    0x08004d80   0x08004d80   0x000000f8   Code   RO         1361    i.dwt_initialise    deca_device.o
    0x08004e78   0x08004e78   0x0000021c   Code   RO         1362    i.dwt_isr           deca_device.o
    0x08005094   0x08005094   0x00000028   Code   RO         1364    i.dwt_modify16bitoffsetreg  deca_device.o
    0x080050bc   0x080050bc   0x00000040   Code   RO         1365    i.dwt_modify32bitoffsetreg  deca_device.o
    0x080050fc   0x080050fc   0x0000001c   Code   RO         1366    i.dwt_modify8bitoffsetreg  deca_device.o
    0x08005118   0x08005118   0x00000048   Code   RO         1370    i.dwt_pgf_cal       deca_device.o
    0x08005160   0x08005160   0x0000001c   Code   RO         1371    i.dwt_read16bitoffsetreg  deca_device.o
    0x0800517c   0x0800517c   0x00000020   Code   RO         1372    i.dwt_read32bitoffsetreg  deca_device.o
    0x0800519c   0x0800519c   0x00000012   Code   RO         1373    i.dwt_read8bitoffsetreg  deca_device.o
    0x080051ae   0x080051ae   0x00000008   Code   RO         1378    i.dwt_readdevid     deca_device.o
    0x080051b6   0x080051b6   0x0000000c   Code   RO         1381    i.dwt_readfromdevice  deca_device.o
    0x080051c2   0x080051c2   0x00000002   PAD
    0x080051c4   0x080051c4   0x00000064   Code   RO         1384    i.dwt_readrxdata    deca_device.o
    0x08005228   0x08005228   0x000000a4   Code   RO         1405    i.dwt_run_pgfcal    deca_device.o
    0x080052cc   0x080052cc   0x00000088   Code   RO         1406    i.dwt_rxenable      deca_device.o
    0x08005354   0x08005354   0x00000080   Code   RO         1412    i.dwt_setdwstate    deca_device.o
    0x080053d4   0x080053d4   0x0000000a   Code   RO         1420    i.dwt_setplenfine   deca_device.o
    0x080053de   0x080053de   0x00000002   PAD
    0x080053e0   0x080053e0   0x00000028   Code   RO         1429    i.dwt_signal_rx_buff_free  deca_device.o
    0x08005408   0x08005408   0x000000dc   Code   RO         1431    i.dwt_starttx       deca_device.o
    0x080054e4   0x080054e4   0x00000018   Code   RO         1433    i.dwt_write16bitoffsetreg  deca_device.o
    0x080054fc   0x080054fc   0x0000001c   Code   RO         1434    i.dwt_write32bitoffsetreg  deca_device.o
    0x08005518   0x08005518   0x0000000e   Code   RO         1435    i.dwt_write8bitoffsetreg  deca_device.o
    0x08005526   0x08005526   0x0000000e   Code   RO         1436    i.dwt_writetodevice  deca_device.o
    0x08005534   0x08005534   0x00000054   Code   RO         1437    i.dwt_writetxdata   deca_device.o
    0x08005588   0x08005588   0x00000048   Code   RO         1438    i.dwt_writetxfctrl  deca_device.o
    0x080055d0   0x080055d0   0x00000148   Code   RO         1439    i.dwt_xfer3000      deca_device.o
    0x08005718   0x08005718   0x00000020   Code   RO         1440    i.get_sts_mnth      deca_device.o
    0x08005738   0x08005738   0x00000018   Code   RO         3501    i.lis2dh12_iic_write_byte  lis2dh12.o
    0x08005750   0x08005750   0x00000124   Code   RO         3563    i.main              main.o
    0x08005874   0x08005874   0x0000008c   Code   RO         3564    i.radio_poll        main.o
    0x08005900   0x08005900   0x000000b0   Code   RO         3565    i.radio_send_button  main.o
    0x080059b0   0x080059b0   0x000000a4   Code   RO         3566    i.show_data         main.o
    0x08005a54   0x08005a54   0x00000034   Code   RO         3567    i.spi2_byte         main.o
    0x08005a88   0x08005a88   0x00000034   Code   RO         3568    i.tft_command       main.o
    0x08005abc   0x08005abc   0x00000044   Code   RO         3569    i.tft_data          main.o
    0x08005b00   0x08005b00   0x000000e0   Code   RO         3570    i.tft_hex_byte      main.o
    0x08005be0   0x08005be0   0x00000134   Code   RO         3571    i.tft_init          main.o
    0x08005d14   0x08005d14   0x00000052   Code   RO         3572    i.tft_window        main.o
    0x08005d66   0x08005d66   0x00000032   Code   RO          624    i.usart1_recv_msg_handler  generic_cmd.o
    0x08005d98   0x08005d98   0x0000000e   Data   RO         1442    .constdata          deca_device.o
    0x08005da6   0x08005da6   0x00000012   Data   RO         2510    .constdata          usb_desc.o
    0x08005db8   0x08005db8   0x00000043   Data   RO         2511    .constdata          usb_desc.o
    0x08005dfb   0x08005dfb   0x00000004   Data   RO         2512    .constdata          usb_desc.o
    0x08005dff   0x08005dff   0x00000018   Data   RO         2513    .constdata          usb_desc.o
    0x08005e17   0x08005e17   0x00000026   Data   RO         2514    .constdata          usb_desc.o
    0x08005e3d   0x08005e3d   0x00000003   PAD
    0x08005e40   0x08005e40   0x00000060   Data   RO         3574    .constdata          main.o
    0x08005ea0   0x08005ea0   0x00000020   Data   RO         8039    Region$$Table       anon$$obj.o


    Execution Region RW_IRAM1 (Exec base: 0x20000000, Load base: 0x08005ec0, Size: 0x00001aa8, Max: 0x00005000, ABSOLUTE, COMPRESSED[0x00000280])

    Exec Addr    Load Addr    Size         Type   Attr      Idx    E Section Name        Object

    0x20000000   COMPRESSED   0x00000ccc   Data   RW          442    .data               generic.o
    0x20000ccc   COMPRESSED   0x00000004   Data   RW          627    .data               generic_cmd.o
    0x20000cd0   COMPRESSED   0x00000014   Data   RW          809    .data               system_stm32f10x.o
    0x20000ce4   COMPRESSED   0x00000012   Data   RW          993    .data               hal_led.o
    0x20000cf6   COMPRESSED   0x00000002   PAD
    0x20000cf8   COMPRESSED   0x00000004   Data   RW         1099    .data               hal_timer.o
    0x20000cfc   COMPRESSED   0x00000001   Data   RW         1163    .data               hal_usart.o
    0x20000cfd   COMPRESSED   0x00000003   PAD
    0x20000d00   COMPRESSED   0x00000004   Data   RW         1443    .data               deca_device.o
    0x20000d04   COMPRESSED   0x00000101   Data   RW         2212    .data               oled_i2c.o
    0x20000e05   COMPRESSED   0x00000003   PAD
    0x20000e08   COMPRESSED   0x00000008   Data   RW         2316    .data               hw_config.o
    0x20000e10   COMPRESSED   0x00000026   Data   RW         2515    .data               usb_desc.o
    0x20000e36   COMPRESSED   0x00000002   PAD
    0x20000e38   COMPRESSED   0x00000008   Data   RW         2543    .data               usb_endp.o
    0x20000e40   COMPRESSED   0x0000000c   Data   RW         2582    .data               usb_istr.o
    0x20000e4c   COMPRESSED   0x0000001c   Data   RW         2583    .data               usb_istr.o
    0x20000e68   COMPRESSED   0x0000001c   Data   RW         2584    .data               usb_istr.o
    0x20000e84   COMPRESSED   0x0000006c   Data   RW         2663    .data               usb_prop.o
    0x20000ef0   COMPRESSED   0x00000002   Data   RW         2664    .data               usb_prop.o
    0x20000ef2   COMPRESSED   0x00000002   PAD
    0x20000ef4   COMPRESSED   0x00000024   Data   RW         2665    .data               usb_prop.o
    0x20000f18   COMPRESSED   0x00000004   Data   RW         2770    .data               usb_pwr.o
    0x20000f1c   COMPRESSED   0x00000001   Data   RW         2771    .data               usb_pwr.o
    0x20000f1d   COMPRESSED   0x00000003   PAD
    0x20000f20   COMPRESSED   0x00000008   Data   RW         2772    .data               usb_pwr.o
    0x20000f28   COMPRESSED   0x00000004   Data   RW         2840    .data               usb_core.o
    0x20000f2c   COMPRESSED   0x00000001   Data   RW         2981    .data               usb_init.o
    0x20000f2d   COMPRESSED   0x00000003   PAD
    0x20000f30   COMPRESSED   0x0000000c   Data   RW         2982    .data               usb_init.o
    0x20000f3c   COMPRESSED   0x00000002   Data   RW         2984    .data               usb_init.o
    0x20000f3e   COMPRESSED   0x00000004   Data   RW         3019    .data               usb_int.o
    0x20000f42   COMPRESSED   0x00000002   PAD
    0x20000f44   COMPRESSED   0x00000004   Data   RW         3502    .data               lis2dh12.o
    0x20000f48   COMPRESSED   0x00000012   Data   RW         3575    .data               main.o
    0x20000f5a   COMPRESSED   0x00000002   Data   RW         3660    .data               stm32f10x_it.o
    0x20000f5c   COMPRESSED   0x00000014   Data   RW         5553    .data               stm32f10x_rcc.o
    0x20000f70   COMPRESSED   0x00000004   Data   RW         7378    .data               twr.lib(uwb.o)
    0x20000f74   COMPRESSED   0x0000000c   Data   RW         7461    .data               twr.lib(config_options.o)
    0x20000f80        -       0x000001d8   Zero   RW          626    .bss                generic_cmd.o
    0x20001158        -       0x00000100   Zero   RW         1162    .bss                hal_usart.o
    0x20001258        -       0x00000140   Zero   RW         1441    .bss                deca_device.o
    0x20001398        -       0x00000230   Zero   RW         2313    .bss                hw_config.o
    0x200015c8        -       0x00000080   Zero   RW         2542    .bss                usb_endp.o
    0x20001648        -       0x00000020   Zero   RW         2769    .bss                usb_pwr.o
    0x20001668        -       0x0000001c   Zero   RW         2980    .bss                usb_init.o
    0x20001684        -       0x00000020   Zero   RW         3573    .bss                main.o
    0x200016a4   COMPRESSED   0x00000004   PAD
    0x200016a8        -       0x00000400   Zero   RW          796    STACK               startup_stm32f10x_md.o


==============================================================================

Image component sizes


      Code (inc. data)   RO Data    RW Data    ZI Data      Debug   Object Name

         0          0          0          0          0       4556   cmd.o
         0          0          0          0          0       9740   cmd_fn.o
      4224        316         14          4        320      46710   deca_device.o
        44          0          0          0          0      23420   deca_mutex.o
        56         18          0       3276          0     321147   generic.o
       214         18          0          4        472       4056   generic_cmd.o
       104          4          0          0          0        654   hal_drivers.o
       122          0          0          0          0       2360   hal_flash.o
       268         26          0          0          0       1417   hal_iic.o
       176         20          0         18          0       3771   hal_led.o
       308         14          0          0          0       2781   hal_spi.o
       282         12          0          4          0      26419   hal_timer.o
       796         56          0          1        256       7619   hal_usart.o
        22          0          0          0          0       3429   hal_usb.o
       368         48          0          8        560       8610   hw_config.o
       290         22          0          4          0       3102   lis2dh12.o
      1720        142         96         18         32      10322   main.o
       120         16          0          0          0       1835   misc.o
       622        100          0        257          0       4644   oled_i2c.o
       116          0          0          0          0       3220   queue.o
        36          8        236          0       1024        860   startup_stm32f10x_md.o
       436         42          0          0          0       7239   stm32f10x_dma.o
       124         10          0          0          0       1865   stm32f10x_exti.o
       310         48          0          0          0       7614   stm32f10x_flash.o
       218          6          0          0          0       4882   stm32f10x_gpio.o
       398         16          0          0          0       8767   stm32f10x_i2c.o
       320        124          0          2          0       6261   stm32f10x_it.o
        68         30          0          0          0       2834   stm32f10x_iwdg.o
       616        112          0         20          0      14275   stm32f10x_rcc.o
       202         12          0          0          0       5725   stm32f10x_spi.o
       222         42          0          0          0       5029   stm32f10x_tim.o
       366          6          0          0          0       9000   stm32f10x_usart.o
       248         24          0         20          0       2097   system_stm32f10x.o
      2186        284          0          4          0      18543   usb_core.o
         0          0        151         38          0       1199   usb_desc.o
       188         24          0          8        128       2616   usb_endp.o
        40         18          0         15         28       4302   usb_init.o
       344         30          0          4          0       1768   usb_int.o
       332         24          0         68          0       1843   usb_istr.o
        12          0          0          0          0       1012   usb_it.o
        72         10          0          0          0       1920   usb_mem.o
       564        104          0        146          0      12565   usb_prop.o
       416         48          0         13         32       4252   usb_pwr.o
       582        100          0          0          0      10273   usb_regs.o
        68          8          0          0          0       1570   usb_sil.o

    ----------------------------------------------------------------------
     18260       1942        532       3952       2856     628123   Object Totals
         0          0         32          0          0          0   (incl. Generated)
        40          0          3         20          4          0   (incl. Padding)

    ----------------------------------------------------------------------

      Code (inc. data)   RO Data    RW Data    ZI Data      Debug   Library Member Name

         0          0          0          0          0     226476   ait_cmd.o
        86          0          0          0          0          0   __dczerorl2.o
         0          0          0          0          0          0   entry.o
         0          0          0          0          0          0   entry10a.o
         0          0          0          0          0          0   entry11a.o
         4          0          0          0          0          0   entry12b.o
         8          4          0          0          0          0   entry2.o
         4          0          0          0          0          0   entry5.o
         0          0          0          0          0          0   entry7b.o
         0          0          0          0          0          0   entry8b.o
         8          4          0          0          0          0   entry9a.o
        30          0          0          0          0          0   handlers.o
        36          8          0          0          0         68   init.o
         0          0          0          0          0          0   iusefp.o
        30          0          0          0          0         68   llshl.o
        36          0          0          0          0         68   llsshr.o
        32          0          0          0          0         68   llushr.o
        36          0          0          0          0         68   memcpya.o
        36          0          0          0          0        108   memseta.o
      2310         92          0          0          0        680   printfa.o
        12          0          0          0          0         68   toupper.o
        44          0          0          0          0         80   uidiv.o
        98          0          0          0          0         92   uldiv.o
        48          0          0          0          0         68   cdrcmple.o
       334          0          0          0          0        148   dadd.o
       222          0          0          0          0        100   ddiv.o
       186          0          0          0          0        176   depilogue.o
        48          0          0          0          0         68   dfixul.o
       228          0          0          0          0         96   dmul.o
       110          0          0          0          0        168   fepilogue.o
        50          0          0          0          0         68   ffixi.o
        10          0          0          0          0         68   ffltui.o
       100          0          0          0          0         76   fmul.o
       656         96          0          0          0       4454   osal.o
         0          0          0          0          0      11424   tag_list.o
         0          0          0         12          0        732   config_options.o
       656         22          0          4          0      30288   uwb.o

    ----------------------------------------------------------------------
      5464        226          0         16          0     275778   Library Totals
         6          0          0          0          0          0   (incl. Padding)

    ----------------------------------------------------------------------

      Code (inc. data)   RO Data    RW Data    ZI Data      Debug   Library Name

         0          0          0          0          0     226476   aitcmd.lib
      2810        108          0          0          0       1368   mc_w.l
      1336          0          0          0          0       1036   mf_w.l
       656         96          0          0          0       4454   os.lib
         0          0          0          0          0      11424   pdoa.lib
       656         22          0         16          0      31020   twr.lib

    ----------------------------------------------------------------------
      5464        226          0         16          0     275778   Library Totals

    ----------------------------------------------------------------------

==============================================================================


      Code (inc. data)   RO Data    RW Data    ZI Data      Debug   

     23724       2168        532       3968       2856     888481   Grand Totals
     23724       2168        532        640       2856     888481   ELF Image Totals (compressed)
     23724       2168        532        640          0          0   ROM Totals

==============================================================================

    Total RO  Size (Code + RO Data)                24256 (  23.69kB)
    Total RW  Size (RW Data + ZI Data)              6824 (   6.66kB)
    Total ROM Size (Code + RO Data + RW Data)      24896 (  24.31kB)

==============================================================================

